Component: ARM Compiler 5.05 (build 41) Tool: armlink [4d0eb9]

==============================================================================

Section Cross References

    boot_handlers.o(SYS_BOOT) refers to main.o(i.main) for main
    boot_vectors.o(SYS_BOOT) refers to boot_handlers.o(SYS_BOOT) for sys_Reset
    boot_vectors.o(SYS_BOOT) refers to intc.o(sys_irq_entry) for SYSirq_IRQ_Handler
    boot_vectors.o(SYS_BOOT) refers to intc.o(sys_fiq_entry) for SYSirq_FIQ_Handler
    main.o(i.ble_name_addr_env_init) refers to driver_flash.o(i.flash_read) for flash_read
    main.o(i.ble_name_addr_env_init) refers to bk_printf.o(i.bk_printf) for bk_printf
    main.o(i.ble_name_addr_env_init) refers to app.o(.bss) for app_env
    main.o(i.enter_dut_fcc_mode) refers to rwip.o(i.rwip_schedule) for rwip_schedule
    main.o(i.enter_dut_fcc_mode) refers to uart.o(i.uart_h4tl_data_switch) for uart_h4tl_data_switch
    main.o(i.main) refers to wdt.o(i.wdt_disable) for wdt_disable
    main.o(i.main) refers to wdt.o(i.wdt1_disable) for wdt1_disable
    main.o(i.main) refers to bk_printf.o(i.bk_printf) for bk_printf
    main.o(i.main) refers to icu.o(i.icu_init) for icu_init
    main.o(i.main) refers to rf_xvr.o(i.xvr_reg_initial) for xvr_reg_initial
    main.o(i.main) refers to icu.o(i.mcu_clk_switch) for mcu_clk_switch
    main.o(i.main) refers to driver_gpio.o(i.gpio_init) for gpio_init
    main.o(i.main) refers to uart0_initial.o(i.uart0_init) for uart0_init
    main.o(i.main) refers to driver_flash.o(i.flash_init) for flash_init
    main.o(i.main) refers to bsp.o(i.init_bsp) for init_bsp
    main.o(i.main) refers to nvds.o(i.nvds_init) for nvds_init
    main.o(i.main) refers to main.o(i.ble_name_addr_env_init) for ble_name_addr_env_init
    main.o(i.main) refers to adc.o(i.adc_get_calibration) for adc_get_calibration
    main.o(i.main) refers to main.o(i.rom_env_init) for rom_env_init
    main.o(i.main) refers to intc.o(i.intc_init) for intc_init
    main.o(i.main) refers to uart.o(i.uart_init) for uart_init
    main.o(i.main) refers to rwip.o(i.rwip_init) for rwip_init
    main.o(i.main) refers to icu.o(i.set_sleep_mode) for set_sleep_mode
    main.o(i.main) refers to rf_xvr.o(i.set_power) for set_power
    main.o(i.main) refers to main.o(i.enter_dut_fcc_mode) for enter_dut_fcc_mode
    main.o(i.main) refers to wdt.o(i.wdt_enable) for wdt_enable
    main.o(i.main) refers to rwip.o(i.rwip_schedule) for rwip_schedule
    main.o(i.main) refers to oads_common.o(i.oad_updating_user_section_pro) for oad_updating_user_section_pro
    main.o(i.main) refers to bsp.o(i.main_loop) for main_loop
    main.o(i.main) refers to rwip.o(i.rwip_sleep) for rwip_sleep
    main.o(i.main) refers to icu.o(i.get_sleep_mode) for get_sleep_mode
    main.o(i.main) refers to icu.o(i.cpu_low_power_sleep) for cpu_low_power_sleep
    main.o(i.main) refers to icu.o(i.cpu_idle_sleep) for cpu_idle_sleep
    main.o(i.main) refers to icu.o(i.deep_sleep) for deep_sleep
    main.o(i.main) refers to main.o(i.stack_integrity_check) for stack_integrity_check
    main.o(i.main) refers to uart1_initial.o(.bss) for uart1_rx_buf
    main.o(i.rom_env_init) refers to bk_printf.o(i.bk_printf) for bk_printf
    main.o(i.rom_env_init) refers to prf.o(i.prf_msg_api_init) for prf_msg_api_init
    main.o(i.rom_env_init) refers to prf.o(i.prf_con_param_upd) for prf_con_param_upd
    main.o(i.rom_env_init) refers to prf.o(i.prf_init) for prf_init
    main.o(i.rom_env_init) refers to prf.o(i.prf_con_create) for prf_con_create
    main.o(i.rom_env_init) refers to prf.o(i.prf_con_cleanup) for prf_con_cleanup
    main.o(i.rom_env_init) refers to prf.o(i.prf_add_profile) for prf_add_profile
    main.o(i.rom_env_init) refers to rwip.o(i.rwip_reset) for rwip_reset
    main.o(i.rom_env_init) refers to arch_main.o(i.platform_reset) for platform_reset
    main.o(i.rom_env_init) refers to rf_xvr.o(i.kmod_fm_gain_set_1M) for kmod_fm_gain_set_1M
    main.o(i.rom_env_init) refers to rf_xvr.o(i.kmod_fm_gain_set_2M) for kmod_fm_gain_set_2M
    main.o(i.rom_env_init) refers to driver_gpio.o(i.gpio_toggle) for gpio_toggle
    main.o(i.rom_env_init) refers to rf_xvr.o(i.fcc_hopping) for fcc_hopping
    main.o(i.rwip_eif_get) refers to main.o(.constdata) for .constdata
    main.o(i.stack_integrity_check) refers to bk_printf.o(i.bk_printf) for bk_printf
    main.o(i.stack_integrity_check) refers to boot_handlers.o(SYS_BOOT) for boot_stack_base_UNUSED
    main.o(.constdata) refers to uart.o(i.uart_read) for uart_read
    main.o(.constdata) refers to uart.o(i.uart_write) for uart_write
    main.o(.constdata) refers to uart.o(i.uart_flow_on) for uart_flow_on
    main.o(.constdata) refers to uart.o(i.uart_flow_off) for uart_flow_off
    app.o(i.app_add_svc) refers to bk_printf.o(i.bk_printf) for bk_printf
    app.o(i.app_add_svc) refers to app.o(.constdata) for .constdata
    app.o(i.app_add_svc) refers to app.o(.bss) for .bss
    app.o(i.app_build_adv_data) refers to app.o(.bss) for .bss
[...]
    __aeabi_lasr                             0x0001c017   Thumb Code     0  peripheral_stack_symbol.txt ABSOLUTE
    _ll_sshift_r                             0x0001c017   Thumb Code     0  peripheral_stack_symbol.txt ABSOLUTE
    __I$use$fp                               0x0001c03c   ARM Code       0  peripheral_stack_symbol.txt ABSOLUTE
    _double_round                            0x0001c03d   Thumb Code     0  peripheral_stack_symbol.txt ABSOLUTE
    _double_epilogue                         0x0001c057   Thumb Code     0  peripheral_stack_symbol.txt ABSOLUTE
    __ARM_clz                                0x0001c0fc   ARM Code       0  peripheral_stack_symbol.txt ABSOLUTE
    __ARM_common_ctz                         0x0001c105   Thumb Code     0  peripheral_stack_symbol.txt ABSOLUTE
    __ARM_common_disable_fiq                 0x0001c140   ARM Code       0  peripheral_stack_symbol.txt ABSOLUTE
    __ARM_common_disable_irq                 0x0001c154   ARM Code       0  peripheral_stack_symbol.txt ABSOLUTE
    __ARM_common_enable_fiq                  0x0001c168   ARM Code       0  peripheral_stack_symbol.txt ABSOLUTE
    __ARM_common_enable_irq                  0x0001c178   ARM Code       0  peripheral_stack_symbol.txt ABSOLUTE
    __ARM_common_switch8                     0x0001c188   ARM Code       0  peripheral_stack_symbol.txt ABSOLUTE
    TASK_DESC_LLC                            0x0001c498   Data           0  peripheral_stack_symbol.txt ABSOLUTE
    LLM_AA_CT2                               0x0001c4a4   Data           0  peripheral_stack_symbol.txt ABSOLUTE
    LLM_AA_CT1                               0x0001c4a6   Data           0  peripheral_stack_symbol.txt ABSOLUTE
    connect_req_dur_tab                      0x0001c4ac   Data           0  peripheral_stack_symbol.txt ABSOLUTE
    byte_tx_time                             0x0001c4b4   Data           0  peripheral_stack_symbol.txt ABSOLUTE
    fixed_tx_time                            0x0001c4bc   Data           0  peripheral_stack_symbol.txt ABSOLUTE
    TASK_DESC_LLM                            0x0001c75c   Data           0  peripheral_stack_symbol.txt ABSOLUTE
    t_power                                  0x0001c768   Data           0  peripheral_stack_symbol.txt ABSOLUTE
    RF_CHANNEL_TABLE                         0x0001c76c   Data           0  peripheral_stack_symbol.txt ABSOLUTE
    hci_cmd_desc_tab_lk_ctrl                 0x0001c7d4   Data           0  peripheral_stack_symbol.txt ABSOLUTE
    hci_cmd_desc_tab_ctrl_bb                 0x0001c7ec   Data           0  peripheral_stack_symbol.txt ABSOLUTE
    hci_cmd_desc_tab_info_par                0x0001c870   Data           0  peripheral_stack_symbol.txt ABSOLUTE
    hci_cmd_desc_tab_stat_par                0x0001c8c4   Data           0  peripheral_stack_symbol.txt ABSOLUTE
    hci_cmd_desc_tab_le                      0x0001c8d0   Data           0  peripheral_stack_symbol.txt ABSOLUTE
    hci_cmd_desc_tab_vs                      0x0001cd38   Data           0  peripheral_stack_symbol.txt ABSOLUTE
    hci_cmd_desc_root_tab                    0x0001cd74   Data           0  peripheral_stack_symbol.txt ABSOLUTE
    hci_evt_desc_tab                         0x0001cdb4   Data           0  peripheral_stack_symbol.txt ABSOLUTE
    hci_evt_le_desc_tab                      0x0001cdfc   Data           0  peripheral_stack_symbol.txt ABSOLUTE
    aes_cmac_zero                            0x0001ced8   Data           0  peripheral_stack_symbol.txt ABSOLUTE
    one_bits                                 0x0001cf00   Data           0  peripheral_stack_symbol.txt ABSOLUTE
    co_sca2ppm                               0x0001cf10   Data           0  peripheral_stack_symbol.txt ABSOLUTE
    co_null_bdaddr                           0x0001cf20   Data           0  peripheral_stack_symbol.txt ABSOLUTE
    co_null_key                              0x0001cf26   Data           0  peripheral_stack_symbol.txt ABSOLUTE
    co_rate_to_phy                           0x0001cf36   Data           0  peripheral_stack_symbol.txt ABSOLUTE
    co_phy_to_rate                           0x0001cf3b   Data           0  peripheral_stack_symbol.txt ABSOLUTE
    co_phy_mask_to_value                     0x0001cf3f   Data           0  peripheral_stack_symbol.txt ABSOLUTE
    co_phy_value_to_mask                     0x0001cf44   Data           0  peripheral_stack_symbol.txt ABSOLUTE
    co_rate_to_phy_mask                      0x0001cf48   Data           0  peripheral_stack_symbol.txt ABSOLUTE
    co_phy_mask_to_rate                      0x0001cf4c   Data           0  peripheral_stack_symbol.txt ABSOLUTE
    co_rate_to_byte_dur_us                   0x0001cf51   Data           0  peripheral_stack_symbol.txt ABSOLUTE
    rwip_priority                            0x0001cf56   Data           0  peripheral_stack_symbol.txt ABSOLUTE
    TASK_DESC_GAPM                           0x0001d120   Data           0  peripheral_stack_symbol.txt ABSOLUTE
    TASK_DESC_GAPC                           0x0001d268   Data           0  peripheral_stack_symbol.txt ABSOLUTE
    gapc_sdt_handlers                        0x0001d3d4   Data           0  peripheral_stack_symbol.txt ABSOLUTE
    TASK_DESC_GATT                           0x0001d49c   Data           0  peripheral_stack_symbol.txt ABSOLUTE
    gatt_srv_msg_cb                          0x0001d610   Data           0  peripheral_stack_symbol.txt ABSOLUTE
    TASK_DESC_L2CAP                          0x0001d650   Data           0  peripheral_stack_symbol.txt ABSOLUTE
    vectors                                  0x0001e200   ARM Code       0  boot_vectors.o(SYS_BOOT)
    boot_stack_base_UNUSED                   0x0001e264   Data           4  boot_handlers.o(SYS_BOOT)
    boot_stack_len_UNUSED                    0x0001e268   Data           4  boot_handlers.o(SYS_BOOT)
    boot_stack_base_IRQ                      0x0001e26c   Data           4  boot_handlers.o(SYS_BOOT)
    boot_stack_len_IRQ                       0x0001e270   Data           4  boot_handlers.o(SYS_BOOT)
    boot_stack_base_SVC                      0x0001e274   Data           4  boot_handlers.o(SYS_BOOT)
    boot_stack_len_SVC                       0x0001e278   Data           4  boot_handlers.o(SYS_BOOT)
    boot_stack_base_FIQ                      0x0001e27c   Data           4  boot_handlers.o(SYS_BOOT)
    boot_stack_len_FIQ                       0x0001e280   Data           4  boot_handlers.o(SYS_BOOT)
    sys_Reset                                0x0001e284   ARM Code       0  boot_handlers.o(SYS_BOOT)
    Long ARM to Thumb Veneer to Undefined_Exception 0x0001e478   ARM Code       8  anon$$obj.o(Veneer$$Code)
    Long ARM to Thumb Veneer to SoftwareInterrupt_Exception 0x0001e480   ARM Code       8  anon$$obj.o(Veneer$$Code)
    Long ARM to Thumb Veneer to PrefetchAbort_Exception 0x0001e488   ARM Code       8  anon$$obj.o(Veneer$$Code)
    Long ARM to Thumb Veneer to DataAbort_Exception 0x0001e490   ARM Code       8  anon$$obj.o(Veneer$$Code)
    Long ARM to Thumb Veneer to Reserved_Exception 0x0001e498   ARM Code       8  anon$$obj.o(Veneer$$Code)
    SYSirq_FIQ_Handler                       0x0001e500   ARM Code      16  intc.o(sys_fiq_entry)
    SYSirq_IRQ_Handler                       0x0001e520   ARM Code      16  intc.o(sys_irq_entry)
    __main                                   0x0001e530   ARM Code       0  entry.o(.ARM.Collect$$$$00000000)
    _main_stk                                0x0001e530   ARM Code       0  entry2.o(.ARM.Collect$$$$00000001)
    _main_scatterload                        0x0001e534   ARM Code       0  entry5.o(.ARM.Collect$$$$00000004)
    __main_after_scatterload                 0x0001e538   ARM Code       0  entry5.o(.ARM.Collect$$$$00000004)
    _main_clock                              0x0001e538   ARM Code       0  entry7b.o(.ARM.Collect$$$$00000008)
    _main_cpp_init                           0x0001e538   ARM Code       0  entry8b.o(.ARM.Collect$$$$0000000A)
    _main_init                               0x0001e538   ARM Code       0  entry9a.o(.ARM.Collect$$$$0000000B)
    __rt_final_cpp                           0x0001e544   ARM Code       0  entry10a.o(.ARM.Collect$$$$0000000D)
    __rt_final_exit                          0x0001e544   ARM Code       0  entry11a.o(.ARM.Collect$$$$0000000F)
    __aeabi_uread4                           0x0001e549   Thumb Code    20  uread4.o(.text)
    __rt_uread4                              0x0001e549   Thumb Code     0  uread4.o(.text)
    _uread4                                  0x0001e549   Thumb Code     0  uread4.o(.text)
    __aeabi_uwrite4                          0x0001e55d   Thumb Code    18  uwrite4.o(.text)
    __rt_uwrite4                             0x0001e55d   Thumb Code     0  uwrite4.o(.text)
    _uwrite4                                 0x0001e55d   Thumb Code     0  uwrite4.o(.text)
    __scatterload                            0x0001e571   Thumb Code    22  init.o(.text)
    __scatterload_rt2                        0x0001e571   Thumb Code     0  init.o(.text)
    Delay_ms                                 0x0001e591   Thumb Code    38  icu.o(i.Delay_ms)
    Delay_myus                               0x0001e5bd   Thumb Code    18  bsp.o(i.Delay_myus)
    Delay_us                                 0x0001e5cf   Thumb Code    36  icu.o(i.Delay_us)
    FIQ_Exception                            0x0001e5f5   Thumb Code    22  intc.o(i.FIQ_Exception)
    IF_filter_cali                           0x0001e611   Thumb Code   116  rf_xvr.o(i.IF_filter_cali)
    INT_HANDLER_CLKEST                       0x0001e709   Thumb Code    26  icu.o(i.INT_HANDLER_CLKEST)
    IRQ_Exception                            0x0001e735   Thumb Code   136  intc.o(i.IRQ_Exception)
    TRAhcit_UART1_Rx                         0x0001e7c9   Thumb Code   374  uart1_initial.o(i.TRAhcit_UART1_Rx)
    TRAhcit_UART1_Tx                         0x0001e981   Thumb Code    30  uart1_initial.o(i.TRAhcit_UART1_Tx)
    TRAhcit_UART_Rx                          0x0001e9a9   Thumb Code   340  uart0_initial.o(i.TRAhcit_UART_Rx)
    TRAhcit_UART_Tx                          0x0001eb11   Thumb Code    30  uart0_initial.o(i.TRAhcit_UART_Tx)
    UART0_ISR                                0x0001eb39   Thumb Code   164  uart0_initial.o(i.UART0_ISR)
    UART1_ISR                                0x0001ebf1   Thumb Code    94  uart1_initial.o(i.UART1_ISR)
    __putchar                                0x0001ed8d   Thumb Code    12  bk_printf.o(i.__putchar)
    __scatterload_copy                       0x0001ed9c   ARM Code      28  handlers.o(i.__scatterload_copy)
    __scatterload_null                       0x0001edb8   ARM Code       4  handlers.o(i.__scatterload_null)
    __scatterload_zeroinit                   0x0001edbc   ARM Code      24  handlers.o(i.__scatterload_zeroinit)
    __vsprintf                               0x0001edd5   Thumb Code   326  bk_printf.o(i.__vsprintf)
    adc_config                               0x0001ef25   Thumb Code   102  adc.o(i.adc_config)
    adc_divided_disable                      0x0001ef99   Thumb Code    18  adc.o(i.adc_divided_disable)
    adc_enable                               0x0001efb5   Thumb Code    14  adc.o(i.adc_enable)
    adc_get_calibration                      0x0001efc9   Thumb Code   162  adc.o(i.adc_get_calibration)
    adc_init                                 0x0001f0f5   Thumb Code    46  adc.o(i.adc_init)
    adc_isr                                  0x0001f12d   Thumb Code   110  adc.o(i.adc_isr)
    adc_power_close                          0x0001f1a9   Thumb Code    18  adc.o(i.adc_power_close)
    adc_power_open                           0x0001f1c5   Thumb Code    26  adc.o(i.adc_power_open)
    adc_proc                                 0x0001f1e9   Thumb Code   356  bsp.o(i.adc_proc)
    analyse_ble_data                         0x0001f3b5   Thumb Code   238  bsp.o(i.analyse_ble_data)
    app_add_svc                              0x0001f4b9   Thumb Code    40  app.o(i.app_add_svc)
    app_batt_add_bas                         0x0001f4f1   Thumb Code    46  app_batt.o(i.app_batt_add_bas)
    app_batt_enable_prf                      0x0001f521   Thumb Code    44  app_batt.o(i.app_batt_enable_prf)
    app_batt_init                            0x0001f551   Thumb Code    12  app_batt.o(i.app_batt_init)
    app_batt_send_lvl                        0x0001f565   Thumb Code    42  app_batt.o(i.app_batt_send_lvl)
    app_create_advertising                   0x0001f5e9   Thumb Code    82  app.o(i.app_create_advertising)
    app_dis_add_dis                          0x0001f64d   Thumb Code    52  app_dis.o(i.app_dis_add_dis)
    app_disconnect                           0x0001f691   Thumb Code    34  app.o(i.app_disconnect)
    app_fee0_add_fee0s                       0x0001f6bd   Thumb Code    66  app_fee0.o(i.app_fee0_add_fee0s)
    app_fee4_send_ntf                        0x0001f745   Thumb Code    66  app_fee0.o(i.app_fee4_send_ntf)
    app_ffc1_ntf_req                         0x0001f7bd   Thumb Code    50  app_oads.o(i.app_ffc1_ntf_req)
    app_ffc2_ntf_req                         0x0001f8c1   Thumb Code    50  app_oads.o(i.app_ffc2_ntf_req)
    app_get_dev_name                         0x0001f909   Thumb Code    18  app.o(i.app_get_dev_name)
    app_init                                 0x0001f985   Thumb Code    66  app.o(i.app_init)
    app_oad_add_oads                         0x0001fa75   Thumb Code    66  app_oads.o(i.app_oad_add_oads)
    app_oads_enable_prf                      0x0001faf1   Thumb Code    50  app_oads.o(i.app_oads_enable_prf)
    app_sec_init                             0x0001fb85   Thumb Code    54  app_sec.o(i.app_sec_init)
    app_sec_send_security_req                0x0001fbdd   Thumb Code    64  app_sec.o(i.app_sec_send_security_req)
    app_set_adv_data                         0x0001fc3d   Thumb Code    54  app.o(i.app_set_adv_data)
    app_set_scan_rsp_data                    0x0001fc7d   Thumb Code    54  app.o(i.app_set_scan_rsp_data)
    app_start_advertising                    0x0001fcc9   Thumb Code    50  app.o(i.app_start_advertising)
    app_update_param                         0x0001fd11   Thumb Code    56  app.o(i.app_update_param)
    appm_update_phy_param                    0x0001fdd1   Thumb Code    58  app_task.o(i.appm_update_phy_param)
    bass_batt_level_upd                      0x0001fe65   Thumb Code    56  bass.o(i.bass_batt_level_upd)
    bass_cb_batt_level_upd_cmp               0x00020045   Thumb Code    42  bass.o(i.bass_cb_batt_level_upd_cmp)
    bass_cb_bond_data_upd                    0x00020075   Thumb Code    56  bass.o(i.bass_cb_bond_data_upd)
    bass_enable                              0x00020121   Thumb Code   106  bass.o(i.bass_enable)
    bass_prf_itf_get                         0x000204fd   Thumb Code     4  bass.o(i.bass_prf_itf_get)
    bk_printf                                0x00020521   Thumb Code    30  bk_printf.o(i.bk_printf)
    ble_name_addr_env_init                   0x00020545   Thumb Code   222  main.o(i.ble_name_addr_env_init)
    charge_det_proc                          0x00020675   Thumb Code   112  bsp.o(i.charge_det_proc)
    clear_uart1_buffer                       0x00020709   Thumb Code    36  uart1_initial.o(i.clear_uart1_buffer)
    clear_uart_buffer                        0x0002074d   Thumb Code    30  uart0_initial.o(i.clear_uart_buffer)
    clk32K_esti                              0x00020775   Thumb Code    40  icu.o(i.clk32K_esti)
    clk32k_estti_check                       0x000207d1   Thumb Code   212  icu.o(i.clk32k_estti_check)
    clk_esti_initial                         0x00020915   Thumb Code    22  icu.o(i.clk_esti_initial)
    clr_flash_qwfr                           0x00020931   Thumb Code    74  driver_flash.o(i.clr_flash_qwfr)
    cpu_idle_sleep                           0x00020995   Thumb Code    20  icu.o(i.cpu_idle_sleep)
    cpu_low_power_sleep                      0x000209a9   Thumb Code   188  icu.o(i.cpu_low_power_sleep)
    cpu_reset                                0x00020a71   Thumb Code    32  icu.o(i.cpu_reset)
    cpu_wakeup                               0x00020a95   Thumb Code    60  icu.o(i.cpu_wakeup)
    current_detect                           0x00020ad5   Thumb Code   112  bsp.o(i.current_detect)
    debug_info_print                         0x00020b4d   Thumb Code    92  bsp.o(i.debug_info_print)
    deep_sleep                               0x00020c59   Thumb Code    70  icu.o(i.deep_sleep)
    deep_sleep_wakeup_set                    0x00020cc1   Thumb Code    36  icu.o(i.deep_sleep_wakeup_set)
    diss_prf_itf_get                         0x00020ee9   Thumb Code     4  diss.o(i.diss_prf_itf_get)
    diss_value_cfm                           0x00020f29   Thumb Code   122  diss.o(i.diss_value_cfm)
    diss_value_get_handler                   0x00020fb5   Thumb Code    46  diss.o(i.diss_value_get_handler)
    diss_value_set                           0x000210d1   Thumb Code   204  diss.o(i.diss_value_set)
    enter_dut_fcc_mode                       0x0002119d   Thumb Code    10  main.o(i.enter_dut_fcc_mode)
    exchange_memery_init                     0x000211a9   Thumb Code    20  icu.o(i.exchange_memery_init)
    fcc_hopping                              0x000211c1   Thumb Code    50  rf_xvr.o(i.fcc_hopping)
    fee0s_cb_att_data_upd                    0x000211fd   Thumb Code    74  fee0s.o(i.fee0s_cb_att_data_upd)
    fee0s_cb_bond_data_upd                   0x00021461   Thumb Code    58  fee0s.o(i.fee0s_cb_bond_data_upd)
    fee0s_cb_value_upd_cmp                   0x000214cd   Thumb Code    58  fee0s.o(i.fee0s_cb_value_upd_cmp)
    fee0s_fee4_value_notification_upd        0x00021709   Thumb Code    60  fee0s.o(i.fee0s_fee4_value_notification_upd)
    fee0s_fee5_value_indication_upd          0x0002181d   Thumb Code    60  fee0s.o(i.fee0s_fee5_value_indication_upd)
    fee0s_get_att_handle                     0x00021891   Thumb Code    28  fee0s.o(i.fee0s_get_att_handle)
    fee0s_get_att_idx                        0x000218ad   Thumb Code    32  fee0s.o(i.fee0s_get_att_idx)
    fee0s_prf_itf_get                        0x000219d9   Thumb Code     4  fee0s.o(i.fee0s_prf_itf_get)
    filter_triger                            0x00021b39   Thumb Code    48  rf_xvr.o(i.filter_triger)
    flash_erase                              0x00021b71   Thumb Code    90  driver_flash.o(i.flash_erase)
    flash_erase_sector                       0x00021bd1   Thumb Code    78  driver_flash.o(i.flash_erase_sector)
    flash_init                               0x00021c29   Thumb Code    30  driver_flash.o(i.flash_init)
    flash_read                               0x00021c5d   Thumb Code    52  driver_flash.o(i.flash_read)
    flash_read_data                          0x00021c91   Thumb Code   156  driver_flash.o(i.flash_read_data)
    flash_read_otp_data                      0x00021d31   Thumb Code   164  driver_flash.o(i.flash_read_otp_data)
    flash_read_sr                            0x00021dd9   Thumb Code    44  driver_flash.o(i.flash_read_sr)
    flash_set_dual_mode                      0x00021e11   Thumb Code    32  driver_flash.o(i.flash_set_dual_mode)
    flash_wp_128k                            0x00021e35   Thumb Code   142  driver_flash.o(i.flash_wp_128k)
    flash_wp_ALL                             0x00021eed   Thumb Code   126  driver_flash.o(i.flash_wp_ALL)
    flash_write                              0x00021f8d   Thumb Code    98  driver_flash.o(i.flash_write)
    flash_write_data                         0x00022005   Thumb Code   248  driver_flash.o(i.flash_write_data)
    flash_write_sr                           0x00022109   Thumb Code    72  driver_flash.o(i.flash_write_sr)
    flash_write_sr_temp                      0x00022179   Thumb Code   188  driver_flash.o(i.flash_write_sr_temp)
    get_bulk_voltage                         0x00022d39   Thumb Code   292  bsp.o(i.get_bulk_voltage)
    get_flash_ID                             0x00022e71   Thumb Code    34  driver_flash.o(i.get_flash_ID)
    get_flash_otp_calibration                0x00022e9d   Thumb Code   160  driver_flash.o(i.get_flash_otp_calibration)
    get_gpio_chnl_data                       0x00022f69   Thumb Code   112  adc.o(i.get_gpio_chnl_data)
    get_prepare_data                         0x00022fe5   Thumb Code    86  adc.o(i.get_prepare_data)
    get_sleep_mode                           0x00023049   Thumb Code     6  icu.o(i.get_sleep_mode)
    get_sys_mode                             0x00023055   Thumb Code     6  main.o(i.get_sys_mode)
    get_targetr                              0x00023061   Thumb Code    94  bsp.o(i.get_targetr)
    gpio_config                              0x000230cd   Thumb Code    84  driver_gpio.o(i.gpio_config)
    gpio_get_input                           0x00023125   Thumb Code    24  driver_gpio.o(i.gpio_get_input)
    gpio_init                                0x00023141   Thumb Code    24  driver_gpio.o(i.gpio_init)
    gpio_isr                                 0x0002315d   Thumb Code    32  driver_gpio.o(i.gpio_isr)
    gpio_scfun_sel                           0x00023189   Thumb Code    30  driver_gpio.o(i.gpio_scfun_sel)
    gpio_set                                 0x000231ad   Thumb Code    34  driver_gpio.o(i.gpio_set)
    gpio_toggle                              0x000231d5   Thumb Code    20  driver_gpio.o(i.gpio_toggle)
    hci_data_init                            0x000231e9   Thumb Code    48  uart.o(i.hci_data_init)
    host_get_event                           0x00023221   Thumb Code    34  uart.o(i.host_get_event)
    icu_init                                 0x00023249   Thumb Code   216  icu.o(i.icu_init)
    init_bsp                                 0x00023355   Thumb Code   124  bsp.o(i.init_bsp)
    init_target                              0x000233d9   Thumb Code    14  bsp.o(i.init_target)
    intc_init                                0x000233ed   Thumb Code    90  intc.o(i.intc_init)
    key_proc                                 0x0002344d   Thumb Code   202  bsp.o(i.key_proc)
    kmod_calibration_1M                      0x00023521   Thumb Code   222  rf_xvr.o(i.kmod_calibration_1M)
    kmod_calibration_2M                      0x0002365d   Thumb Code   250  rf_xvr.o(i.kmod_calibration_2M)
    kmod_fm_gain_set_1M                      0x000237c9   Thumb Code    10  rf_xvr.o(i.kmod_fm_gain_set_1M)
    kmod_fm_gain_set_2M                      0x000237dd   Thumb Code    10  rf_xvr.o(i.kmod_fm_gain_set_2M)
    led_proc                                 0x000237f1   Thumb Code   340  bsp.o(i.led_proc)
    Inline ARM to Thumb Veneer to main       0x00023958   ARM Code       8  main.o(i.main)
    main                                     0x00023961   Thumb Code   338  main.o(i.main)
    main_loop                                0x00023b75   Thumb Code   224  bsp.o(i.main_loop)
    mcu_clk_switch                           0x00023c85   Thumb Code    70  icu.o(i.mcu_clk_switch)
    nvds_del                                 0x00023d0d   Thumb Code    52  nvds.o(i.nvds_del)
    nvds_get                                 0x00023d4d   Thumb Code    62  nvds.o(i.nvds_get)
    nvds_init                                0x00023d91   Thumb Code    98  nvds.o(i.nvds_init)
    nvds_put                                 0x00023eed   Thumb Code   210  nvds.o(i.nvds_put)
    oadImgBlockWrite                         0x00024039   Thumb Code   358  oads_common.o(i.oadImgBlockWrite)
    oadImgIdentifyWrite                      0x000242b5   Thumb Code   418  oads_common.o(i.oadImgIdentifyWrite)
    oad_save_reciveData                      0x00024551   Thumb Code    32  oads_common.o(i.oad_save_reciveData)
    oad_updating_user_section_begin          0x00024575   Thumb Code    36  oads_common.o(i.oad_updating_user_section_begin)
    oad_updating_user_section_end            0x000245a9   Thumb Code    18  oads_common.o(i.oad_updating_user_section_end)
    oad_updating_user_section_pro            0x000245c5   Thumb Code   126  oads_common.o(i.oad_updating_user_section_pro)
    oads_cb_att_data_upd                     0x00024665   Thumb Code    74  oads.o(i.oads_cb_att_data_upd)
    oads_cb_bond_data_upd                    0x000249b5   Thumb Code    68  oads.o(i.oads_cb_bond_data_upd)
    oads_cb_value_upd_cmp                    0x00024a31   Thumb Code    64  oads.o(i.oads_cb_value_upd_cmp)
    oads_ffc1_value_notification_upd         0x00024ca9   Thumb Code    60  oads.o(i.oads_ffc1_value_notification_upd)
    oads_ffc2_value_notification_upd         0x00024dc1   Thumb Code    62  oads.o(i.oads_ffc2_value_notification_upd)
    oads_get_att_handle                      0x00024dff   Thumb Code    28  oads.o(i.oads_get_att_handle)
    oads_get_att_idx                         0x00024e1b   Thumb Code    32  oads.o(i.oads_get_att_idx)
    oads_prf_itf_get                         0x00024f41   Thumb Code    16  oads.o(i.oads_prf_itf_get)
    platform_reset                           0x00024f5d   Thumb Code    50  arch_main.o(i.platform_reset)
    prepare_adc                              0x00024fb5   Thumb Code    30  adc.o(i.prepare_adc)
    prf_add_profile                          0x00024fd5   Thumb Code   182  prf.o(i.prf_add_profile)
    prf_con_cleanup                          0x000250a9   Thumb Code    50  prf.o(i.prf_con_cleanup)
    prf_con_create                           0x000250e5   Thumb Code    50  prf.o(i.prf_con_create)
    prf_con_param_upd                        0x00025121   Thumb Code    54  prf.o(i.prf_con_param_upd)
    prf_dst_task_get                         0x00025161   Thumb Code    24  prf.o(i.prf_dst_task_get)
    prf_env_get                              0x00025181   Thumb Code    26  prf.o(i.prf_env_get)
    prf_init                                 0x000251a5   Thumb Code   142  prf.o(i.prf_init)
    prf_msg_api_init                         0x00025265   Thumb Code    40  prf.o(i.prf_msg_api_init)
    prf_pack_char_pres_fmt                   0x00025291   Thumb Code   150  prf_utils.o(i.prf_pack_char_pres_fmt)
    prf_src_task_get                         0x00025329   Thumb Code    24  prf.o(i.prf_src_task_get)
    pwm0_init                                0x0002544d   Thumb Code    62  pwm.o(i.pwm0_init)
    pwm0_isr                                 0x00025495   Thumb Code   192  pwm.o(i.pwm0_isr)
    pwm1_init                                0x00025885   Thumb Code    60  pwm.o(i.pwm1_init)
    pwm1_isr                                 0x000258c9   Thumb Code   170  pwm.o(i.pwm1_isr)
    pwm1_output_mode_config                  0x000259d9   Thumb Code   306  pwm.o(i.pwm1_output_mode_config)
    pwm_cap_mode_init                        0x00025bc1   Thumb Code    40  pwm.o(i.pwm_cap_mode_init)
    pwm_end_value_duty_cycle_set             0x00025bf9   Thumb Code    80  pwm.o(i.pwm_end_value_duty_cycle_set)
    pwm_output_mode_init                     0x00025c69   Thumb Code    60  pwm.o(i.pwm_output_mode_init)
    rc32k_calib_manu                         0x00025cc1   Thumb Code    78  rf_xvr.o(i.rc32k_calib_manu)
    rc32k_calib_soft                         0x00025d19   Thumb Code    28  rf_xvr.o(i.rc32k_calib_soft)
    rf_init                                  0x00025d5d   Thumb Code   138  rf_xvr.o(i.rf_init)
    rwble_init                               0x00025f41   Thumb Code    82  rwble.o(i.rwble_init)
    rwip_cali_rc32k_expired                  0x00025fb1   Thumb Code    74  rwip.o(i.rwip_cali_rc32k_expired)
    rwip_cali_rc32k_start                    0x00026005   Thumb Code    30  rwip.o(i.rwip_cali_rc32k_start)
    rwip_cali_rc32k_w4_compl                 0x00026039   Thumb Code    46  rwip.o(i.rwip_cali_rc32k_w4_compl)
    rwip_eif_get                             0x00026081   Thumb Code    12  main.o(i.rwip_eif_get)
    rwip_init                                0x00026091   Thumb Code   260  rwip.o(i.rwip_init)
    rwip_isr                                 0x00026255   Thumb Code   152  rwip.o(i.rwip_isr)
    rwip_reset                               0x000262f5   Thumb Code   134  rwip.o(i.rwip_reset)
    rwip_schedule                            0x00026399   Thumb Code    16  rwip.o(i.rwip_schedule)
    rwip_sleep                               0x000263ad   Thumb Code   388  rwip.o(i.rwip_sleep)
    send_data_proc                           0x00026549   Thumb Code   128  bsp.o(i.send_data_proc)
    set_bulk_voltage                         0x000265cd   Thumb Code    90  bsp.o(i.set_bulk_voltage)
    set_flash_clk                            0x0002662d   Thumb Code    40  driver_flash.o(i.set_flash_clk)
    set_led                                  0x0002665d   Thumb Code   170  bsp.o(i.set_led)
    set_power                                0x0002672d   Thumb Code    48  rf_xvr.o(i.set_power)
    set_sleep_mode                           0x00026765   Thumb Code     6  icu.o(i.set_sleep_mode)
    smart_led_proc                           0x00026771   Thumb Code   154  bsp.o(i.smart_led_proc)
    start_anmo                               0x00026945   Thumb Code   244  bsp.o(i.start_anmo)
    start_pwm                                0x00026a49   Thumb Code   214  pwm.o(i.start_pwm)
    target_det                               0x00026ba1   Thumb Code   444  bsp.o(i.target_det)
    uart0_init                               0x00026e1d   Thumb Code    76  uart0_initial.o(i.uart0_init)
    uart0_send                               0x00026e81   Thumb Code    30  uart0_initial.o(i.uart0_send)
    uart0_send_byte                          0x00026ea1   Thumb Code    12  uart0_initial.o(i.uart0_send_byte)
    uart1_send                               0x00026eb1   Thumb Code    32  uart1_initial.o(i.uart1_send)
    uart_finish_transfers                    0x00026ed5   Thumb Code     2  uart.o(i.uart_finish_transfers)
    uart_flow_off                            0x00026ed7   Thumb Code     4  uart.o(i.uart_flow_off)
    uart_flow_on                             0x00026edb   Thumb Code     2  uart.o(i.uart_flow_on)
    uart_h4tl_data_switch                    0x00026edd   Thumb Code   256  uart.o(i.uart_h4tl_data_switch)
    uart_init                                0x00027051   Thumb Code    40  uart.o(i.uart_init)
    uart_read                                0x00027081   Thumb Code    22  uart.o(i.uart_read)
    uart_write                               0x0002709d   Thumb Code    22  uart.o(i.uart_write)
    user_delay_proc                          0x000270b9   Thumb Code    92  bsp.o(i.user_delay_proc)
    wdt1_disable                             0x00027119   Thumb Code    40  wdt.o(i.wdt1_disable)
    wdt_disable                              0x00027145   Thumb Code    16  wdt.o(i.wdt_disable)
    wdt_enable                               0x00027159   Thumb Code    32  wdt.o(i.wdt_enable)
    wdt_feed                                 0x00027181   Thumb Code    12  wdt.o(i.wdt_feed)
    work_proc                                0x00027191   Thumb Code   122  bsp.o(i.work_proc)
    xtal_set_cal                             0x00027231   Thumb Code    30  rf_xvr.o(i.xtal_set_cal)
    xvr_reg_initial                          0x00027259   Thumb Code   458  rf_xvr.o(i.xvr_reg_initial)
    uart_api                                 0x0002750c   Data          16  main.o(.constdata)
    app_batt_msg_handler_list                0x00027580   Data          32  app_batt.o(.constdata)
    app_batt_handlers                        0x000275a0   Data           8  app_batt.o(.constdata)
    app_dis_msg_handler_list                 0x000275e4   Data           8  app_dis.o(.constdata)
    app_dis_handlers                         0x000275ec   Data           8  app_dis.o(.constdata)
    app_fee0_msg_handler_list                0x00027604   Data          56  app_fee0.o(.constdata)
    app_fee0_handlers                        0x0002763c   Data           8  app_fee0.o(.constdata)
    app_oads_msg_handler_list                0x00027690   Data          64  app_oads.o(.constdata)
    app_oads_handler                         0x000276d0   Data           8  app_oads.o(.constdata)
    app_sec_msg_handler_list                 0x000277ac   Data          40  app_sec.o(.constdata)
    app_sec_handlers                         0x000277d4   Data           8  app_sec.o(.constdata)
    TASK_DESC_APP                            0x0002788c   Data          12  app_task.o(.constdata)
    otp_chip_magic                           0x00027a0c   Data           8  driver_flash.o(.constdata)
    pwm_channel_io_map                       0x00027a14   Data           6  pwm.o(.constdata)
    diss_att_db                              0x00027a38   Data         114  diss.o(.constdata)
    diss_itf                                 0x00027ad4   Data          20  diss.o(.constdata)
    fee0_att_db                              0x00027ae8   Data          84  fee0s.o(.constdata)
    fee0s_itf                                0x00027b70   Data          20  fee0s.o(.constdata)
    bass_att_db                              0x00027ba0   Data          30  bass.o(.constdata)
    bass_itf                                 0x00027be8   Data          20  bass.o(.constdata)
    USER_FCC0_SERV_UUID_128                  0x00027bfc   Data          16  oads.o(.constdata)
    oads_att_db                              0x00027c0c   Data         180  oads.o(.constdata)
    oads_itf                                 0x00027cf4   Data          20  oads.o(.constdata)
    LEVEL_CURRENT_TBL                        0x00027dda   Data          10  bsp.o(.constdata)
    Region$$Table$$Base                      0x00027eb0   Number         0  anon$$obj.o(Region$$Table)
    Load$$RAM_DATA$$Base                     0x00027ed0   Number         0  anon$$obj.o ABSOLUTE
    Region$$Table$$Limit                     0x00027ed0   Number         0  anon$$obj.o(Region$$Table)
    llc_env                                  0x00400020   Data           0  peripheral_stack_symbol.txt ABSOLUTE
    aa_gen                                   0x0040002c   Data           0  peripheral_stack_symbol.txt ABSOLUTE
    lld_exp_sync_pos_tab                     0x00400034   Data           0  peripheral_stack_symbol.txt ABSOLUTE
    latency_disable                          0x00400044   Data           0  peripheral_stack_symbol.txt ABSOLUTE
    fcc_chn_tmp                              0x00400050   Data           0  peripheral_stack_symbol.txt ABSOLUTE
    mouse_en                                 0x00400058   Data           0  peripheral_stack_symbol.txt ABSOLUTE
    enter_fcc_test                           0x0040005a   Data           0  peripheral_stack_symbol.txt ABSOLUTE
    FCC_flag                                 0x0040005b   Data           0  peripheral_stack_symbol.txt ABSOLUTE
    freq0                                    0x0040005c   Data           0  peripheral_stack_symbol.txt ABSOLUTE
    uart_rx_en                               0x0040005d   Data           0  peripheral_stack_symbol.txt ABSOLUTE
    hci_ext_host                             0x0040005e   Data           0  peripheral_stack_symbol.txt ABSOLUTE
    system_mode                              0x0040005f   Data           0  peripheral_stack_symbol.txt ABSOLUTE
    sch_slice_params                         0x0040007c   Data           0  peripheral_stack_symbol.txt ABSOLUTE
    co_default_bdaddr                        0x0040008c   Data           0  peripheral_stack_symbol.txt ABSOLUTE
    srand_seed                               0x00400094   Data           0  peripheral_stack_symbol.txt ABSOLUTE
    test_wakeup_int                          0x00400098   Data           0  peripheral_stack_symbol.txt ABSOLUTE
    reip_hz32000                             0x0040009a   Data           0  peripheral_stack_symbol.txt ABSOLUTE
    rwip_prog_delay                          0x0040009b   Data           0  peripheral_stack_symbol.txt ABSOLUTE
    gapm_state                               0x0040009c   Data           0  peripheral_stack_symbol.txt ABSOLUTE
    gapc_state                               0x0040009d   Data           0  peripheral_stack_symbol.txt ABSOLUTE
    gatt_state                               0x0040009e   Data           0  peripheral_stack_symbol.txt ABSOLUTE
    l2cap_state                              0x0040009f   Data           0  peripheral_stack_symbol.txt ABSOLUTE
    ke_env                                   0x004000c0   Data           0  peripheral_stack_symbol.txt ABSOLUTE
    ex_mem                                   0x00400210   Data           0  peripheral_stack_symbol.txt ABSOLUTE
    lld_env                                  0x00401690   Data           0  peripheral_stack_symbol.txt ABSOLUTE
    llm_env                                  0x00401784   Data           0  peripheral_stack_symbol.txt ABSOLUTE
    XVR_ANALOG_REG_BAK                       0x004018e0   Data           0  peripheral_stack_symbol.txt ABSOLUTE
    hci_env                                  0x00401960   Data           0  peripheral_stack_symbol.txt ABSOLUTE
    aes_env                                  0x00401ae8   Data           0  peripheral_stack_symbol.txt ABSOLUTE
    rwip_rf                                  0x00401b20   Data           0  peripheral_stack_symbol.txt ABSOLUTE
    rwip_param                               0x00401b58   Data           0  peripheral_stack_symbol.txt ABSOLUTE
    rwip_env                                 0x00401b68   Data           0  peripheral_stack_symbol.txt ABSOLUTE
    rom_env                                  0x00401b98   Data           0  peripheral_stack_symbol.txt ABSOLUTE
    gapm_env                                 0x00401bcc   Data           0  peripheral_stack_symbol.txt ABSOLUTE
    gapc_env                                 0x00401c10   Data           0  peripheral_stack_symbol.txt ABSOLUTE
    gatt_env                                 0x00401c5c   Data           0  peripheral_stack_symbol.txt ABSOLUTE
    l2cap_env                                0x00401cdc   Data           0  peripheral_stack_symbol.txt ABSOLUTE
    Image$$RAM_DATA$$Base                    0x00401d80   Number         0  anon$$obj.o ABSOLUTE
    app_batt_env                             0x00401d80   Data           2  app_batt.o(.data)
    app_fee0_env                             0x00401d82   Data           4  app_fee0.o(.data)
    app_oads_env                             0x00401d86   Data           1  app_oads.o(.data)
    app_sec_env                              0x00401d87   Data           5  app_sec.o(.data)
    app_state                                0x00401d8d   Data           1  app_task.o(.data)
    value_kcal_result_1M                     0x00401da0   Data           4  rf_xvr.o(.data)
    value_kcal_result_2M                     0x00401da4   Data           4  rf_xvr.o(.data)
    temp_map                                 0x00401da8   Data           8  rf_xvr.o(.data)
    map                                      0x00401db0   Data         136  rf_xvr.o(.data)
    uart_rx_done                             0x00401e38   Data           1  uart0_initial.o(.data)
    uart_rx_index                            0x00401e3c   Data           4  uart0_initial.o(.data)
    pHCIrxBuf                                0x00401e40   Data           4  uart0_initial.o(.data)
    pHCItxBuf                                0x00401e44   Data           4  uart0_initial.o(.data)
    uart1_rx_done                            0x00401e48   Data           1  uart1_initial.o(.data)
    uart1_rx_index                           0x00401e4c   Data           4  uart1_initial.o(.data)
    pHCIrxBuf1                               0x00401e50   Data           4  uart1_initial.o(.data)
    pHCItxBuf1                               0x00401e54   Data           4  uart1_initial.o(.data)
    flash_mid                                0x00401e60   Data           4  driver_flash.o(.data)
    system_clk                               0x00401e69   Data           1  icu.o(.data)
    esti_32K_count                           0x00401e6c   Data           4  icu.o(.data)
    unloaded_area                            0x00401e70   Data           4  arch_main.o(.data)
    int_flg                                  0x00401e74   Data           1  adc.o(.data)
    cic2_bypass                              0x00401e75   Data           1  adc.o(.data)
    cnt                                      0x00401e80   Data           4  adc.o(.data)
    adc_int_cb                               0x00401e84   Data           4  adc.o(.data)
    pwm0_ccr_1                               0x00401e88   Data           4  pwm.o(.data)
    pwm0_ccr_4                               0x00401e8c   Data           4  pwm.o(.data)
    pwm0_ccr_7                               0x00401e90   Data           4  pwm.o(.data)
    pwm1_ccr_2                               0x00401e94   Data           4  pwm.o(.data)
    pwm1_ccr_5                               0x00401e98   Data           4  pwm.o(.data)
    pwm1_ccr_8                               0x00401e9c   Data           4  pwm.o(.data)
    oad_firmware_type                        0x00401ea1   Data           1  oads_common.o(.data)
    oad_uuid                                 0x00401ea8   Data           4  oads_common.o(.data)
    bMasterReady                             0x00401eac   Data           1  bsp.o(.data)
    buzzerType                               0x00401ead   Data           1  bsp.o(.data)
    rIndex                                   0x00401eae   Data           1  bsp.o(.data)
    bBulkDutyChanged                         0x00401eb2   Data           1  bsp.o(.data)
    bLedChanged                              0x00401eb3   Data           1  bsp.o(.data)
    bKeyDou                                  0x00401eb4   Data           1  bsp.o(.data)
    bKeyDown                                 0x00401eb5   Data           1  bsp.o(.data)
    bNeedWork                                0x00401eb6   Data           1  bsp.o(.data)
    bWorking                                 0x00401eb7   Data           1  bsp.o(.data)
    bKeyLong                                 0x00401eb8   Data           1  bsp.o(.data)
    bCharging                                0x00401eb9   Data           1  bsp.o(.data)
    bCurrentCaptrue                          0x00401eba   Data           1  bsp.o(.data)
    bFlashOn                                 0x00401ebb   Data           1  bsp.o(.data)
    bGetCurrent                              0x00401ebc   Data           1  bsp.o(.data)
    bBreathUp                                0x00401ebd   Data           1  bsp.o(.data)
    bChildReturn                             0x00401ebe   Data           1  bsp.o(.data)
    bGetChargeVoltage                        0x00401ebf   Data           1  bsp.o(.data)
    bChargeFull                              0x00401ec0   Data           1  bsp.o(.data)
    bBleWakeup                               0x00401ec1   Data           1  bsp.o(.data)
    bLedGreenOn                              0x00401ec2   Data           1  bsp.o(.data)
    bJustPowerOn                             0x00401ec3   Data           1  bsp.o(.data)
    flashBatLedCount                         0x00401ec4   Data           1  bsp.o(.data)
    currentOverCount                         0x00401ec5   Data           1  bsp.o(.data)
    flashCount                               0x00401ec6   Data           1  bsp.o(.data)
    targetStatus                             0x00401ec7   Data           1  bsp.o(.data)
    poorContactCount                         0x00401ec8   Data           1  bsp.o(.data)
    targetLeaveCount                         0x00401ec9   Data           1  bsp.o(.data)
    targetNormalCount                        0x00401eca   Data           1  bsp.o(.data)
    ledFlashTime                             0x00401ecb   Data           1  bsp.o(.data)
    workLevel                                0x00401ecc   Data           1  bsp.o(.data)
    orangeDuty                               0x00401ecd   Data           1  bsp.o(.data)
    greenDuty                                0x00401ece   Data           1  bsp.o(.data)
    keyTime                                  0x00401ecf   Data           1  bsp.o(.data)
    adcIndex                                 0x00401ed0   Data           1  bsp.o(.data)
    timer10msCounter                         0x00401ed1   Data           1  bsp.o(.data)
    batLevel                                 0x00401ed2   Data           1  bsp.o(.data)
    getChargeVoltageCount                    0x00401ed3   Data           1  bsp.o(.data)
    noChargeTime                             0x00401ed4   Data           1  bsp.o(.data)
    workLedShowTime                          0x00401ed5   Data           1  bsp.o(.data)
    bGetValidR                               0x00401ed6   Data           1  bsp.o(.data)
    targetRIndex                             0x00401ed7   Data           1  bsp.o(.data)
    bulkVIndex                               0x00401ed8   Data           1  bsp.o(.data)
    bGetValidV                               0x00401ed9   Data           1  bsp.o(.data)
    loseChargeCount                          0x00401eda   Data           1  bsp.o(.data)
    showBatLevelTime                         0x00401edc   Data           2  bsp.o(.data)
    bulkDutyStep                             0x00401ede   Data           2  bsp.o(.data)
    currentVoltage                           0x00401ee0   Data           2  bsp.o(.data)
    loseTargetTime                           0x00401ee2   Data           2  bsp.o(.data)
    bulkVoltage                              0x00401ee4   Data           2  bsp.o(.data)
    targetBulkVoltage                        0x00401ee6   Data           2  bsp.o(.data)
    batVoltage                               0x00401ee8   Data           2  bsp.o(.data)
    bulkDuty                                 0x00401eea   Data           2  bsp.o(.data)
    bulkCycle                                0x00401eec   Data           2  bsp.o(.data)
    anmoTime                                 0x00401eee   Data           2  bsp.o(.data)
    delaySleep                               0x00401ef0   Data           2  bsp.o(.data)
    targetRMax                               0x00401ef2   Data           2  bsp.o(.data)
    targetRMin                               0x00401ef4   Data           2  bsp.o(.data)
    bulkVoltageMax                           0x00401ef6   Data           2  bsp.o(.data)
    bulkVoltageMin                           0x00401ef8   Data           2  bsp.o(.data)
    targetR                                  0x00401efc   Data           4  bsp.o(.data)
    Image$$RAM_BSS$$Base                     0x00401f00   Number         0  anon$$obj.o ABSOLUTE
    app_env                                  0x00401f00   Data          54  app.o(.bss)
    rwip_heap_env                            0x00401f38   Data        1344  rwip.o(.bss)
    rwip_heap_db                             0x00402478   Data         612  rwip.o(.bss)
    rwip_heap_msg                            0x004026dc   Data         752  rwip.o(.bss)
    rwip_heap_non_ret                        0x004029cc   Data         668  rwip.o(.bss)
    rwip_buf_pool_big                        0x00402c68   Data        1120  rwip.o(.bss)
    rwip_buf_pool_small                      0x004030c8   Data         528  rwip.o(.bss)
    prf_env                                  0x00403af0   Data         140  prf.o(.bss)
    uart_rx_buf                              0x00403b7c   Data          18  uart0_initial.o(.bss)
    uart_tx_buf                              0x00403b8e   Data          18  uart0_initial.o(.bss)
    uart1_rx_buf                             0x00403ba0   Data          18  uart1_initial.o(.bss)
    uart1_tx_buf                             0x00403bb2   Data          18  uart1_initial.o(.bss)
    host_cmd_data                            0x00403bec   Data         136  uart.o(.bss)
    host_event_data                          0x00403c74   Data         136  uart.o(.bss)
    data_buff                                0x00403cfc   Data          20  adc.o(.bss)
    p_PWM0_Int_Handler                       0x00403d10   Data          20  pwm.o(.bss)
    p_PWM1_Int_Handler                       0x00403d24   Data          20  pwm.o(.bss)
    bsec                                     0x00403d4c   Data         192  oads_common.o(.bss)
    targetRArray                             0x00403eb0   Data          20  bsp.o(.bss)
    bulkVoltageArray                         0x00403ec4   Data          20  bsp.o(.bss)
    Image$$RAM_STACK_UNUSED$$Base            0x004070cc   Number         0  anon$$obj.o ABSOLUTE
    Image$$RAM_STACK_SVC$$Base               0x0040712c   Number         0  anon$$obj.o ABSOLUTE
    Image$$RAM_STACK_IRQ$$Base               0x0040791c   Number         0  anon$$obj.o ABSOLUTE
    Image$$RAM_STACK_FIQ$$Base               0x00407d0c   Number         0  anon$$obj.o ABSOLUTE
    __initial_sp                             0x00407ffc   Number         0  boot_handlers.o ABSOLUTE



==============================================================================

Memory Map of the image

  Image Entry point : 0x0001e284

  Load Region SECTIONS (Base: 0x0001e200, Size: 0x00009e50, Max: 0xffffffff, ABSOLUTE)

    Execution Region ROM_SYS (Base: 0x0001e200, Size: 0x000002a0, Max: 0xffffffff, ABSOLUTE)

    Base Addr    Size         Type   Attr      Idx    E Section Name        Object

    0x0001e200   0x0000005c   Code   RO            6  * SYS_BOOT            boot_vectors.o
    0x0001e25c   0x0000021c   Code   RO            5  * SYS_BOOT            boot_handlers.o
    0x0001e478   0x00000008   Ven    RO          553    Veneer$$Code        anon$$obj.o
    0x0001e480   0x00000008   Ven    RO          554    Veneer$$Code        anon$$obj.o
    0x0001e488   0x00000008   Ven    RO          555    Veneer$$Code        anon$$obj.o
    0x0001e490   0x00000008   Ven    RO          556    Veneer$$Code        anon$$obj.o
    0x0001e498   0x00000008   Ven    RO          557    Veneer$$Code        anon$$obj.o


    Execution Region FAST_CALL_SEG (Base: 0x0001e500, Size: 0x00000030, Max: 0xffffffff, ABSOLUTE, FIXED)

    Base Addr    Size         Type   Attr      Idx    E Section Name        Object

    0x0001e500   0x00000010   Code   RO          190    sys_fiq_entry       intc.o
    0x0001e510   0x00000010   PAD
    0x0001e520   0x00000010   Code   RO          191    sys_irq_entry       intc.o


    Execution Region ROM (Base: 0x0001e530, Size: 0x000099a0, Max: 0xffffffff, ABSOLUTE)

    Base Addr    Size         Type   Attr      Idx    E Section Name        Object

    0x0001e530   0x00000000   Code   RO          528  * .ARM.Collect$$$$00000000  mc_5.l(entry.o)
    0x0001e530   0x00000004   Code   RO          533    .ARM.Collect$$$$00000001  mc_5.l(entry2.o)
    0x0001e534   0x00000004   Code   RO          535    .ARM.Collect$$$$00000004  mc_5.l(entry5.o)
    0x0001e538   0x00000000   Code   RO          537    .ARM.Collect$$$$00000008  mc_5.l(entry7b.o)
    0x0001e538   0x00000000   Code   RO          539    .ARM.Collect$$$$0000000A  mc_5.l(entry8b.o)
    0x0001e538   0x0000000c   Code   RO          540    .ARM.Collect$$$$0000000B  mc_5.l(entry9a.o)
    0x0001e544   0x00000000   Code   RO          542    .ARM.Collect$$$$0000000D  mc_5.l(entry10a.o)
    0x0001e544   0x00000000   Code   RO          544    .ARM.Collect$$$$0000000F  mc_5.l(entry11a.o)
    0x0001e544   0x00000004   Code   RO          534    .ARM.Collect$$$$00002712  mc_5.l(entry2.o)
    0x0001e548   0x00000014   Code   RO          531    .text               mc_5.l(uread4.o)
    0x0001e55c   0x00000012   Code   RO          532    .text               mc_5.l(uwrite4.o)
    0x0001e56e   0x00000002   PAD
    0x0001e570   0x00000020   Code   RO          546    .text               mc_5.l(init.o)
    0x0001e590   0x0000002c   Code   RO          321    i.Delay_ms          icu.o
    0x0001e5bc   0x00000012   Code   RO          499    i.Delay_myus        bsp.o
    0x0001e5ce   0x00000024   Code   RO          322    i.Delay_us          icu.o
    0x0001e5f2   0x00000002   PAD
    0x0001e5f4   0x0000001c   Code   RO          186    i.FIQ_Exception     intc.o
    0x0001e610   0x000000f8   Code   RO          192    i.IF_filter_cali    rf_xvr.o
    0x0001e708   0x0000002c   Code   RO          323    i.INT_HANDLER_CLKEST  icu.o
    0x0001e734   0x00000094   Code   RO          187    i.IRQ_Exception     intc.o
    0x0001e7c8   0x000001b8   Code   RO          241    i.TRAhcit_UART1_Rx  uart1_initial.o
    0x0001e980   0x00000028   Code   RO          242    i.TRAhcit_UART1_Tx  uart1_initial.o
    0x0001e9a8   0x00000168   Code   RO          231    i.TRAhcit_UART_Rx   uart0_initial.o
    0x0001eb10   0x00000028   Code   RO          232    i.TRAhcit_UART_Tx   uart0_initial.o
    0x0001eb38   0x000000b8   Code   RO          233    i.UART0_ISR         uart0_initial.o
    0x0001ebf0   0x0000006c   Code   RO          243    i.UART1_ISR         uart1_initial.o
    0x0001ec5c   0x0000000c   Code   RO          324    i.WFI               icu.o
    0x0001ec68   0x0000001a   Code   RO          491    i.__outputchar      bk_printf.o
    0x0001ec82   0x00000002   PAD
    0x0001ec84   0x00000098   Code   RO          492    i.__outputi         bk_printf.o
    0x0001ed1c   0x00000070   Code   RO          493    i.__prints          bk_printf.o
    0x0001ed8c   0x00000010   Code   RO          494    i.__putchar         bk_printf.o
    0x0001ed9c   0x0000001c   Code   RO          549    i.__scatterload_copy  mc_5.l(handlers.o)
    0x0001edb8   0x00000004   Code   RO          550    i.__scatterload_null  mc_5.l(handlers.o)
    0x0001edbc   0x00000018   Code   RO          551    i.__scatterload_zeroinit  mc_5.l(handlers.o)
    0x0001edd4   0x00000150   Code   RO          495    i.__vsprintf        bk_printf.o
    0x0001ef24   0x00000074   Code   RO          346    i.adc_config        adc.o
    0x0001ef98   0x0000001c   Code   RO          348    i.adc_divided_disable  adc.o
    0x0001efb4   0x00000014   Code   RO          350    i.adc_enable        adc.o
    0x0001efc8   0x0000012c   Code   RO          351    i.adc_get_calibration  adc.o
    0x0001f0f4   0x00000038   Code   RO          352    i.adc_init          adc.o
    0x0001f12c   0x0000007c   Code   RO          356    i.adc_isr           adc.o
    0x0001f1a8   0x0000001c   Code   RO          357    i.adc_power_close   adc.o
    0x0001f1c4   0x00000024   Code   RO          358    i.adc_power_open    adc.o
    0x0001f1e8   0x000001cc   Code   RO          500    i.adc_proc          bsp.o
    0x0001f3b4   0x00000104   Code   RO          501    i.analyse_ble_data  bsp.o
    0x0001f4b8   0x00000038   Code   RO           21    i.app_add_svc       app.o
    0x0001f4f0   0x0000002e   Code   RO           38    i.app_batt_add_bas  app_batt.o
    0x0001f51e   0x00000002   PAD
    0x0001f520   0x00000030   Code   RO           39    i.app_batt_enable_prf  app_batt.o
    0x0001f550   0x00000010   Code   RO           40    i.app_batt_init     app_batt.o
    0x0001f560   0x00000004   Code   RO           41    i.app_batt_msg_dflt_handler  app_batt.o
    0x0001f564   0x00000030   Code   RO           42    i.app_batt_send_lvl  app_batt.o
    0x0001f594   0x00000054   Code   RO           22    i.app_build_adv_data  app.o
    0x0001f5e8   0x00000064   Code   RO           23    i.app_create_advertising  app.o
    0x0001f64c   0x00000044   Code   RO           50    i.app_dis_add_dis   app_dis.o
    0x0001f690   0x0000002c   Code   RO           25    i.app_disconnect    app.o
    0x0001f6bc   0x0000006c   Code   RO           57    i.app_fee0_add_fee0s  app_fee0.o
    0x0001f728   0x0000001c   Code   RO           59    i.app_fee0_msg_dflt_handler  app_fee0.o
    0x0001f744   0x0000004c   Code   RO           60    i.app_fee4_send_ntf  app_fee0.o
    0x0001f790   0x0000002c   Code   RO           72    i.app_ffc1_ntf_cfg_ind_handler  app_oads.o
    0x0001f7bc   0x00000044   Code   RO           73    i.app_ffc1_ntf_req  app_oads.o
    0x0001f800   0x00000094   Code   RO           74    i.app_ffc1_writer_req_handler  app_oads.o
    0x0001f894   0x0000002c   Code   RO           75    i.app_ffc2_ntf_cfg_ind_handler  app_oads.o
    0x0001f8c0   0x00000044   Code   RO           76    i.app_ffc2_ntf_req  app_oads.o
    0x0001f904   0x00000004   Code   RO           77    i.app_ffc2_writer_req_handler  app_oads.o
    0x0001f908   0x00000018   Code   RO           26    i.app_get_dev_name  app.o
    0x0001f920   0x00000048   Code   RO          104    i.app_get_handler   app_task.o
    0x0001f968   0x0000001c   Code   RO          105    i.app_get_host_name_req_handler  app_task.o
    0x0001f984   0x00000064   Code   RO           27    i.app_init          app.o
    0x0001f9e8   0x00000050   Code   RO          106    i.app_msg_handler   app_task.o
    0x0001fa38   0x0000003c   Code   RO          107    i.app_mtu_change_req_handler  app_task.o
    0x0001fa74   0x0000007c   Code   RO           78    i.app_oad_add_oads  app_oads.o
    0x0001faf0   0x00000038   Code   RO           79    i.app_oads_enable_prf  app_oads.o
    0x0001fb28   0x00000058   Code   RO           81    i.app_oads_msg_dflt_handler  app_oads.o
    0x0001fb80   0x00000004   Code   RO          108    i.app_period_timer_handler  app_task.o
    0x0001fb84   0x00000054   Code   RO           90    i.app_sec_init      app_sec.o
    0x0001fbd8   0x00000004   Code   RO           91    i.app_sec_msg_dflt_handler  app_sec.o
    0x0001fbdc   0x00000060   Code   RO           93    i.app_sec_send_security_req  app_sec.o
    0x0001fc3c   0x00000040   Code   RO           28    i.app_set_adv_data  app.o
    0x0001fc7c   0x0000004c   Code   RO           29    i.app_set_scan_rsp_data  app.o
    0x0001fcc8   0x00000048   Code   RO           30    i.app_start_advertising  app.o
    0x0001fd10   0x00000040   Code   RO           32    i.app_update_param  app.o
    0x0001fd50   0x00000048   Code   RO          109    i.app_update_param_timer_handler  app_task.o
    0x0001fd98   0x00000038   Code   RO          110    i.app_update_phy_timer_handler  app_task.o
    0x0001fdd0   0x00000054   Code   RO          111    i.appm_update_phy_param  app_task.o
    0x0001fe24   0x00000040   Code   RO           43    i.bass_batt_level_ntf_cfg_ind_handler  app_batt.o
    0x0001fe64   0x00000038   Code   RO          441    i.bass_batt_level_upd  bass.o
    0x0001fe9c   0x00000038   Code   RO          442    i.bass_batt_level_upd_req_handler  bass.o
    0x0001fed4   0x000000d6   Code   RO          443    i.bass_cb_att_read_get  bass.o
    0x0001ffaa   0x00000098   Code   RO          444    i.bass_cb_att_val_set  bass.o
    0x00020042   0x00000002   PAD
    0x00020044   0x00000030   Code   RO          445    i.bass_cb_batt_level_upd_cmp  bass.o
    0x00020074   0x0000003c   Code   RO          446    i.bass_cb_bond_data_upd  bass.o
    0x000200b0   0x00000022   Code   RO          447    i.bass_cb_event_sent  bass.o
    0x000200d2   0x0000000a   Code   RO          448    i.bass_con_cleanup  bass.o
    0x000200dc   0x0000000a   Code   RO          449    i.bass_con_create   bass.o
    0x000200e6   0x00000038   Code   RO          450    i.bass_destroy      bass.o
    0x0002011e   0x00000002   PAD
    0x00020120   0x00000070   Code   RO          451    i.bass_enable       bass.o
    0x00020190   0x00000038   Code   RO          452    i.bass_enable_req_handler  bass.o
    0x000201c8   0x00000004   Code   RO           44    i.bass_enable_rsp_handler  app_batt.o
    0x000201cc   0x000000ce   Code   RO          453    i.bass_exe_operation  bass.o
    0x0002029a   0x0000006e   Code   RO          454    i.bass_get_att_idx  bass.o
    0x00020308   0x0000016c   Code   RO          455    i.bass_init         bass.o
    0x00020474   0x00000088   Code   RO          456    i.bass_notify_batt_lvl  bass.o
    0x000204fc   0x00000008   Code   RO          457    i.bass_prf_itf_get  bass.o
    0x00020504   0x0000001c   Code   RO           45    i.batt_level_upd_handler  app_batt.o
    0x00020520   0x00000024   Code   RO          496    i.bk_printf         bk_printf.o
    0x00020544   0x00000130   Code   RO            7    i.ble_name_addr_env_init  main.o
    0x00020674   0x00000094   Code   RO          502    i.charge_det_proc   bsp.o
    0x00020708   0x00000044   Code   RO          244    i.clear_uart1_buffer  uart1_initial.o
    0x0002074c   0x00000028   Code   RO          234    i.clear_uart_buffer  uart0_initial.o
    0x00020774   0x0000005c   Code   RO          325    i.clk32K_esti       icu.o
    0x000207d0   0x00000144   Code   RO          326    i.clk32k_estti_check  icu.o
    0x00020914   0x0000001c   Code   RO          327    i.clk_esti_initial  icu.o
    0x00020930   0x00000064   Code   RO          270    i.clr_flash_qwfr    driver_flash.o
    0x00020994   0x00000014   Code   RO          328    i.cpu_idle_sleep    icu.o
    0x000209a8   0x000000c8   Code   RO          329    i.cpu_low_power_sleep  icu.o
    0x00020a70   0x00000024   Code   RO          330    i.cpu_reset         icu.o
    0x00020a94   0x00000040   Code   RO          331    i.cpu_wakeup        icu.o
    0x00020ad4   0x00000078   Code   RO          503    i.current_detect    bsp.o
    0x00020b4c   0x0000010c   Code   RO          504    i.debug_info_print  bsp.o
    0x00020c58   0x00000068   Code   RO          332    i.deep_sleep        icu.o
    0x00020cc0   0x00000028   Code   RO          333    i.deep_sleep_wakeup_set  icu.o
    0x00020ce8   0x0000000e   Code   RO          405    i.diss_cb_att_info_get  diss.o
    0x00020cf6   0x000000ce   Code   RO          406    i.diss_cb_att_read_get  diss.o
    0x00020dc4   0x0000000a   Code   RO          407    i.diss_cb_att_val_set  diss.o
    0x00020dce   0x00000002   Code   RO          408    i.diss_con_cleanup  diss.o
    0x00020dd0   0x00000002   Code   RO          409    i.diss_con_create   diss.o
    0x00020dd2   0x00000036   Code   RO          410    i.diss_destroy      diss.o
    0x00020e08   0x000000e0   Code   RO          411    i.diss_init         diss.o
    0x00020ee8   0x00000008   Code   RO          412    i.diss_prf_itf_get  diss.o
    0x00020ef0   0x00000038   Code   RO          413    i.diss_set_value_req_handler  diss.o
    0x00020f28   0x0000007a   Code   RO          414    i.diss_value_cfm    diss.o
    0x00020fa2   0x00000012   Code   RO          415    i.diss_value_cfm_handler  diss.o
    0x00020fb4   0x00000034   Code   RO          416    i.diss_value_get_handler  diss.o
    0x00020fe8   0x000000e8   Code   RO           52    i.diss_value_req_ind_handler  app_dis.o
    0x000210d0   0x000000cc   Code   RO          417    i.diss_value_set    diss.o
    0x0002119c   0x0000000a   Code   RO            8    i.enter_dut_fcc_mode  main.o
    0x000211a6   0x00000002   PAD
    0x000211a8   0x00000018   Code   RO          334    i.exchange_memery_init  icu.o
    0x000211c0   0x0000003c   Code   RO          196    i.fcc_hopping       rf_xvr.o
    0x000211fc   0x00000050   Code   RO          419    i.fee0s_cb_att_data_upd  fee0s.o
    0x0002124c   0x00000138   Code   RO          420    i.fee0s_cb_att_read_get  fee0s.o
    0x00021384   0x000000da   Code   RO          421    i.fee0s_cb_att_val_set  fee0s.o
    0x0002145e   0x00000002   PAD
    0x00021460   0x00000040   Code   RO          422    i.fee0s_cb_bond_data_upd  fee0s.o
    0x000214a0   0x0000002a   Code   RO          423    i.fee0s_cb_event_sent  fee0s.o
    0x000214ca   0x00000002   PAD
    0x000214cc   0x00000040   Code   RO          424    i.fee0s_cb_value_upd_cmp  fee0s.o
    0x0002150c   0x00000010   Code   RO          425    i.fee0s_con_cleanup  fee0s.o
    0x0002151c   0x0000002c   Code   RO          426    i.fee0s_con_create  fee0s.o
    0x00021548   0x0000003a   Code   RO          427    i.fee0s_destroy     fee0s.o
    0x00021582   0x000000e4   Code   RO          428    i.fee0s_exe_operation  fee0s.o
    0x00021666   0x00000074   Code   RO          429    i.fee0s_fee4_notification_value  fee0s.o
    0x000216da   0x00000002   PAD
    0x000216dc   0x0000002c   Code   RO           62    i.fee0s_fee4_val_ntf_cfg_ind_handler  app_fee0.o
    0x00021708   0x0000003c   Code   RO          430    i.fee0s_fee4_value_notification_upd  fee0s.o
    0x00021744   0x00000038   Code   RO          431    i.fee0s_fee4_value_notification_upd_req_handler  fee0s.o
    0x0002177c   0x00000074   Code   RO          432    i.fee0s_fee5_indication_value  fee0s.o
    0x000217f0   0x0000002c   Code   RO           63    i.fee0s_fee5_val_ind_cfg_ind_handler  app_fee0.o
    0x0002181c   0x0000003c   Code   RO          433    i.fee0s_fee5_value_indication_upd  fee0s.o
    0x00021858   0x00000038   Code   RO          434    i.fee0s_fee5_value_indication_upd_req_handler  fee0s.o
    0x00021890   0x0000001c   Code   RO          435    i.fee0s_get_att_handle  fee0s.o
    0x000218ac   0x00000020   Code   RO          436    i.fee0s_get_att_idx  fee0s.o
    0x000218cc   0x0000010c   Code   RO          437    i.fee0s_init        fee0s.o
    0x000219d8   0x00000008   Code   RO          438    i.fee0s_prf_itf_get  fee0s.o
    0x000219e0   0x00000074   Code   RO           64    i.fee2_writer_cmd_handler  app_fee0.o
    0x00021a54   0x0000006c   Code   RO           65    i.fee3_writer_req_handler  app_fee0.o
    0x00021ac0   0x00000044   Code   RO           66    i.fee4_val_upd_rsp_handler  app_fee0.o
    0x00021b04   0x00000034   Code   RO           67    i.fee5_val_upd_rsp_handler  app_fee0.o
    0x00021b38   0x00000038   Code   RO          197    i.filter_triger     rf_xvr.o
    0x00021b70   0x00000060   Code   RO          271    i.flash_erase       driver_flash.o
    0x00021bd0   0x00000058   Code   RO          272    i.flash_erase_sector  driver_flash.o
    0x00021c28   0x00000034   Code   RO          273    i.flash_init        driver_flash.o
    0x00021c5c   0x00000034   Code   RO          274    i.flash_read        driver_flash.o
    0x00021c90   0x000000a0   Code   RO          275    i.flash_read_data   driver_flash.o
    0x00021d30   0x000000a8   Code   RO          276    i.flash_read_otp_data  driver_flash.o
    0x00021dd8   0x00000038   Code   RO          277    i.flash_read_sr     driver_flash.o
    0x00021e10   0x00000024   Code   RO          278    i.flash_set_dual_mode  driver_flash.o
    0x00021e34   0x000000b8   Code   RO          280    i.flash_wp_128k     driver_flash.o
    0x00021eec   0x000000a0   Code   RO          282    i.flash_wp_ALL      driver_flash.o
    0x00021f8c   0x00000078   Code   RO          283    i.flash_write       driver_flash.o
    0x00022004   0x00000104   Code   RO          284    i.flash_write_data  driver_flash.o
    0x00022108   0x00000070   Code   RO          285    i.flash_write_sr    driver_flash.o
    0x00022178   0x000000f0   Code   RO          286    i.flash_write_sr_temp  driver_flash.o
    0x00022268   0x00000128   Code   RO           94    i.gapc_bond_ind_handler  app_sec.o
    0x00022390   0x00000108   Code   RO           95    i.gapc_bond_req_ind_handler  app_sec.o
    0x00022498   0x00000038   Code   RO          112    i.gapc_cmp_evt_handler  app_task.o
    0x000224d0   0x0000004c   Code   RO          113    i.gapc_con_rssi_ind_handler  app_task.o
    0x0002251c   0x000001bc   Code   RO          114    i.gapc_connection_req_ind_handler  app_task.o
    0x000226d8   0x0000004c   Code   RO          115    i.gapc_disconnect_ind_handler  app_task.o
    0x00022724   0x00000030   Code   RO           96    i.gapc_encrypt_ind_handler  app_sec.o
    0x00022754   0x000000a8   Code   RO           97    i.gapc_encrypt_req_ind_handler  app_sec.o
    0x000227fc   0x0000007c   Code   RO          116    i.gapc_get_dev_info_req_ind_handler  app_task.o
    0x00022878   0x0000003c   Code   RO          117    i.gapc_get_host_name_ind_handler  app_task.o
    0x000228b4   0x00000040   Code   RO          118    i.gapc_le_phy_ind_handler  app_task.o
    0x000228f4   0x0000007c   Code   RO          119    i.gapc_le_pkt_size_ind_handler  app_task.o
    0x00022970   0x0000005c   Code   RO          120    i.gapc_param_update_req_ind_handler  app_task.o
    0x000229cc   0x00000084   Code   RO          121    i.gapc_param_updated_ind_handler  app_task.o
    0x00022a50   0x00000024   Code   RO          122    i.gapc_set_dev_info_req_ind_handler  app_task.o
    0x00022a74   0x00000014   Code   RO          123    i.gapm_activity_created_ind_handler  app_task.o
    0x00022a88   0x00000014   Code   RO          124    i.gapm_activity_stopped_ind_handler  app_task.o
    0x00022a9c   0x00000214   Code   RO          125    i.gapm_cmp_evt_handler  app_task.o
    0x00022cb0   0x0000002c   Code   RO          126    i.gapm_gen_rand_nb_ind_handler  app_task.o
    0x00022cdc   0x0000005c   Code   RO          127    i.gapm_profile_added_ind_handler  app_task.o
    0x00022d38   0x00000138   Code   RO          506    i.get_bulk_voltage  bsp.o
    0x00022e70   0x0000002c   Code   RO          287    i.get_flash_ID      driver_flash.o
    0x00022e9c   0x000000cc   Code   RO          288    i.get_flash_otp_calibration  driver_flash.o
    0x00022f68   0x0000007c   Code   RO          359    i.get_gpio_chnl_data  adc.o
    0x00022fe4   0x00000064   Code   RO          360    i.get_prepare_data  adc.o
    0x00023048   0x0000000c   Code   RO          335    i.get_sleep_mode    icu.o
    0x00023054   0x0000000c   Code   RO            9    i.get_sys_mode      main.o
    0x00023060   0x0000006c   Code   RO          507    i.get_targetr       bsp.o
    0x000230cc   0x00000058   Code   RO          304    i.gpio_config       driver_gpio.o
    0x00023124   0x0000001c   Code   RO          305    i.gpio_get_input    driver_gpio.o
    0x00023140   0x0000001c   Code   RO          306    i.gpio_init         driver_gpio.o
    0x0002315c   0x0000002c   Code   RO          307    i.gpio_isr          driver_gpio.o
    0x00023188   0x00000024   Code   RO          312    i.gpio_scfun_sel    driver_gpio.o
    0x000231ac   0x00000028   Code   RO          313    i.gpio_set          driver_gpio.o
    0x000231d4   0x00000014   Code   RO          316    i.gpio_toggle       driver_gpio.o
    0x000231e8   0x00000038   Code   RO          251    i.hci_data_init     uart.o
    0x00023220   0x00000028   Code   RO          252    i.host_get_event    uart.o
    0x00023248   0x0000010c   Code   RO          336    i.icu_init          icu.o
    0x00023354   0x00000084   Code   RO          509    i.init_bsp          bsp.o
    0x000233d8   0x00000014   Code   RO          511    i.init_target       bsp.o
    0x000233ec   0x00000060   Code   RO          188    i.intc_init         intc.o
    0x0002344c   0x000000d4   Code   RO          512    i.key_proc          bsp.o
    0x00023520   0x0000013c   Code   RO          198    i.kmod_calibration_1M  rf_xvr.o
    0x0002365c   0x0000016c   Code   RO          199    i.kmod_calibration_2M  rf_xvr.o
    0x000237c8   0x00000014   Code   RO          200    i.kmod_fm_gain_set_1M  rf_xvr.o
    0x000237dc   0x00000014   Code   RO          201    i.kmod_fm_gain_set_2M  rf_xvr.o
    0x000237f0   0x00000168   Code   RO          513    i.led_proc          bsp.o
    0x00023958   0x00000008   Ven    RO           10    i.main              main.o
    0x00023960   0x00000214   Code   RO           10    i.main              main.o
    0x00023b74   0x00000110   Code   RO          514    i.main_loop         bsp.o
    0x00023c84   0x00000050   Code   RO          337    i.mcu_clk_switch    icu.o
    0x00023cd4   0x00000038   Code   RO          145    i.nvds_browse_tag   nvds.o
    0x00023d0c   0x00000038   Code   RO          146    i.nvds_del          nvds.o
    0x00023d44   0x00000008   Code   RO          147    i.nvds_erase        nvds.o
    0x00023d4c   0x00000044   Code   RO          148    i.nvds_get          nvds.o
    0x00023d90   0x000000cc   Code   RO          149    i.nvds_init         nvds.o
    0x00023e5c   0x00000024   Code   RO          150    i.nvds_init_memory  nvds.o
    0x00023e80   0x0000006c   Code   RO          152    i.nvds_purge        nvds.o
    0x00023eec   0x000000e4   Code   RO          153    i.nvds_put          nvds.o
    0x00023fd0   0x00000008   Code   RO          154    i.nvds_read         nvds.o
    0x00023fd8   0x00000040   Code   RO          155    i.nvds_walk_tag     nvds.o
    0x00024018   0x00000008   Code   RO          156    i.nvds_write        nvds.o
    0x00024020   0x00000016   Code   RO          480    i.oadImgBlockReq    oads_common.o
    0x00024036   0x00000002   PAD
    0x00024038   0x00000210   Code   RO          481    i.oadImgBlockWrite  oads_common.o
    0x00024248   0x0000006c   Code   RO          482    i.oadImgIdentifyReq  oads_common.o
    0x000242b4   0x0000029c   Code   RO          483    i.oadImgIdentifyWrite  oads_common.o
    0x00024550   0x00000024   Code   RO          484    i.oad_save_reciveData  oads_common.o
    0x00024574   0x00000034   Code   RO          485    i.oad_updating_user_section_begin  oads_common.o
    0x000245a8   0x0000001c   Code   RO          486    i.oad_updating_user_section_end  oads_common.o
    0x000245c4   0x000000a0   Code   RO          487    i.oad_updating_user_section_pro  oads_common.o
    0x00024664   0x00000050   Code   RO          459    i.oads_cb_att_data_upd  oads.o
    0x000246b4   0x00000188   Code   RO          460    i.oads_cb_att_read_get  oads.o
    0x0002483c   0x00000176   Code   RO          461    i.oads_cb_att_val_set  oads.o
    0x000249b2   0x00000002   PAD
    0x000249b4   0x00000054   Code   RO          462    i.oads_cb_bond_data_upd  oads.o
    0x00024a08   0x00000028   Code   RO          463    i.oads_cb_event_sent  oads.o
    0x00024a30   0x00000050   Code   RO          464    i.oads_cb_value_upd_cmp  oads.o
    0x00024a80   0x00000010   Code   RO          465    i.oads_con_cleanup  oads.o
    0x00024a90   0x0000002c   Code   RO          466    i.oads_con_create   oads.o
    0x00024abc   0x00000038   Code   RO          467    i.oads_destroy      oads.o
    0x00024af4   0x00000004   Code   RO           82    i.oads_enable_rsp_handler  app_oads.o
    0x00024af8   0x000000d6   Code   RO          468    i.oads_exe_operation  oads.o
    0x00024bce   0x00000074   Code   RO          469    i.oads_ffc1_notification_value  oads.o
    0x00024c42   0x00000002   PAD
    0x00024c44   0x00000048   Code   RO          470    i.oads_ffc1_upd_req_handler  oads.o
    0x00024c8c   0x0000001c   Code   RO           83    i.oads_ffc1_upd_rsp_handler  app_oads.o
    0x00024ca8   0x0000003c   Code   RO          471    i.oads_ffc1_value_notification_upd  oads.o
    0x00024ce4   0x00000078   Code   RO          472    i.oads_ffc2_notification_value  oads.o
    0x00024d5c   0x00000048   Code   RO          473    i.oads_ffc2_upd_req_handler  oads.o
    0x00024da4   0x0000001c   Code   RO           84    i.oads_ffc2_upd_rsp_handler  app_oads.o
    0x00024dc0   0x0000003e   Code   RO          474    i.oads_ffc2_value_notification_upd  oads.o
    0x00024dfe   0x0000001c   Code   RO          475    i.oads_get_att_handle  oads.o
    0x00024e1a   0x00000020   Code   RO          476    i.oads_get_att_idx  oads.o
    0x00024e3a   0x00000002   PAD
    0x00024e3c   0x00000104   Code   RO          477    i.oads_init         oads.o
    0x00024f40   0x0000001c   Code   RO          478    i.oads_prf_itf_get  oads.o
    0x00024f5c   0x00000058   Code   RO          343    i.platform_reset    arch_main.o
    0x00024fb4   0x0000001e   Code   RO          363    i.prepare_adc       adc.o
    0x00024fd2   0x00000002   PAD
    0x00024fd4   0x000000d4   Code   RO          171    i.prf_add_profile   prf.o
    0x000250a8   0x0000003c   Code   RO          172    i.prf_con_cleanup   prf.o
    0x000250e4   0x0000003c   Code   RO          173    i.prf_con_create    prf.o
    0x00025120   0x00000040   Code   RO          174    i.prf_con_param_upd  prf.o
    0x00025160   0x00000020   Code   RO          175    i.prf_dst_task_get  prf.o
    0x00025180   0x00000024   Code   RO          176    i.prf_env_get       prf.o
    0x000251a4   0x000000c0   Code   RO          179    i.prf_init          prf.o
    0x00025264   0x0000002c   Code   RO          180    i.prf_msg_api_init  prf.o
    0x00025290   0x00000096   Code   RO          166    i.prf_pack_char_pres_fmt  prf_utils.o
    0x00025326   0x00000002   PAD
    0x00025328   0x00000020   Code   RO          181    i.prf_src_task_get  prf.o
    0x00025348   0x00000104   Code   RO          385    i.pwm0_cap_mode_config  pwm.o
    0x0002544c   0x00000048   Code   RO          386    i.pwm0_init         pwm.o
    0x00025494   0x00000124   Code   RO          387    i.pwm0_isr          pwm.o
    0x000255b8   0x000001bc   Code   RO          388    i.pwm0_output_mode_config  pwm.o
    0x00025774   0x00000110   Code   RO          389    i.pwm1_cap_mode_config  pwm.o
    0x00025884   0x00000044   Code   RO          390    i.pwm1_init         pwm.o
    0x000258c8   0x00000110   Code   RO          391    i.pwm1_isr          pwm.o
    0x000259d8   0x000001e8   Code   RO          392    i.pwm1_output_mode_config  pwm.o
    0x00025bc0   0x00000038   Code   RO          393    i.pwm_cap_mode_init  pwm.o
    0x00025bf8   0x00000070   Code   RO          396    i.pwm_end_value_duty_cycle_set  pwm.o
    0x00025c68   0x00000058   Code   RO          397    i.pwm_output_mode_init  pwm.o
    0x00025cc0   0x00000058   Code   RO          206    i.rc32k_calib_manu  rf_xvr.o
    0x00025d18   0x00000024   Code   RO          207    i.rc32k_calib_soft  rf_xvr.o
    0x00025d3c   0x00000020   Code   RO          210    i.rf_force_agc_enable  rf_xvr.o
    0x00025d5c   0x000000e4   Code   RO          211    i.rf_init           rf_xvr.o
    0x00025e40   0x00000018   Code   RO          212    i.rf_reset          rf_xvr.o
    0x00025e58   0x00000004   Code   RO          213    i.rf_rpl_reg_rd     rf_xvr.o
    0x00025e5c   0x00000004   Code   RO          214    i.rf_rpl_reg_wr     rf_xvr.o
    0x00025e60   0x0000000a   Code   RO          215    i.rf_rssi_convert   rf_xvr.o
    0x00025e6a   0x0000000e   Code   RO          216    i.rf_sleep          rf_xvr.o
    0x00025e78   0x00000034   Code   RO          217    i.rf_txpwr_cs_get   rf_xvr.o
    0x00025eac   0x00000004   Code   RO          218    i.rf_txpwr_dbm_get  rf_xvr.o
    0x00025eb0   0x00000090   Code   RO           11    i.rom_env_init      main.o
    0x00025f40   0x00000070   Code   RO          133    i.rwble_init        rwble.o
    0x00025fb0   0x00000054   Code   RO          135    i.rwip_cali_rc32k_expired  rwip.o
    0x00026004   0x00000034   Code   RO          136    i.rwip_cali_rc32k_start  rwip.o
    0x00026038   0x00000048   Code   RO          137    i.rwip_cali_rc32k_w4_compl  rwip.o
    0x00026080   0x00000010   Code   RO           12    i.rwip_eif_get      main.o
    0x00026090   0x000001c4   Code   RO          138    i.rwip_init         rwip.o
    0x00026254   0x000000a0   Code   RO          139    i.rwip_isr          rwip.o
    0x000262f4   0x000000a4   Code   RO          140    i.rwip_reset        rwip.o
    0x00026398   0x00000014   Code   RO          141    i.rwip_schedule     rwip.o
    0x000263ac   0x0000019c   Code   RO          142    i.rwip_sleep        rwip.o
    0x00026548   0x00000084   Code   RO          515    i.send_data_proc    bsp.o
    0x000265cc   0x00000060   Code   RO          516    i.set_bulk_voltage  bsp.o
    0x0002662c   0x00000030   Code   RO          290    i.set_flash_clk     driver_flash.o
    0x0002665c   0x000000d0   Code   RO          517    i.set_led           bsp.o
    0x0002672c   0x00000038   Code   RO          219    i.set_power         rf_xvr.o
    0x00026764   0x0000000c   Code   RO          340    i.set_sleep_mode    icu.o
    0x00026770   0x000000a0   Code   RO          518    i.smart_led_proc    bsp.o
    0x00026810   0x00000134   Code   RO           13    i.stack_integrity_check  main.o
    0x00026944   0x00000104   Code   RO          519    i.start_anmo        bsp.o
    0x00026a48   0x00000158   Code   RO          400    i.start_pwm         pwm.o
    0x00026ba0   0x0000027c   Code   RO          520    i.target_det        bsp.o
    0x00026e1c   0x00000064   Code   RO          235    i.uart0_init        uart0_initial.o
    0x00026e80   0x0000001e   Code   RO          236    i.uart0_send        uart0_initial.o
    0x00026e9e   0x00000002   PAD
    0x00026ea0   0x00000010   Code   RO          237    i.uart0_send_byte   uart0_initial.o
    0x00026eb0   0x00000024   Code   RO          247    i.uart1_send        uart1_initial.o
    0x00026ed4   0x00000002   Code   RO          256    i.uart_finish_transfers  uart.o
    0x00026ed6   0x00000004   Code   RO          257    i.uart_flow_off     uart.o
    0x00026eda   0x00000002   Code   RO          258    i.uart_flow_on      uart.o
    0x00026edc   0x00000174   Code   RO          259    i.uart_h4tl_data_switch  uart.o
    0x00027050   0x00000030   Code   RO          260    i.uart_init         uart.o
    0x00027080   0x0000001c   Code   RO          262    i.uart_read         uart.o
    0x0002709c   0x0000001c   Code   RO          263    i.uart_write        uart.o
    0x000270b8   0x00000060   Code   RO          521    i.user_delay_proc   bsp.o
    0x00027118   0x0000002c   Code   RO          295    i.wdt1_disable      wdt.o
    0x00027144   0x00000014   Code   RO          298    i.wdt_disable       wdt.o
    0x00027158   0x00000028   Code   RO          299    i.wdt_enable        wdt.o
    0x00027180   0x00000010   Code   RO          300    i.wdt_feed          wdt.o
    0x00027190   0x000000a0   Code   RO          522    i.work_proc         bsp.o
    0x00027230   0x00000028   Code   RO          221    i.xtal_set_cal      rf_xvr.o
    0x00027258   0x000002b4   Code   RO          225    i.xvr_reg_initial   rf_xvr.o
    0x0002750c   0x00000010   Data   RO           15    .constdata          main.o
    0x0002751c   0x00000061   Data   RO           35    .constdata          app.o
    0x0002757d   0x00000003   PAD
    0x00027580   0x00000020   Data   RO           46    .constdata          app_batt.o
    0x000275a0   0x00000008   Data   RO           47    .constdata          app_batt.o
    0x000275a8   0x0000003b   Data   RO           48    .constdata          app_batt.o
    0x000275e3   0x00000001   PAD
    0x000275e4   0x00000008   Data   RO           53    .constdata          app_dis.o
    0x000275ec   0x00000008   Data   RO           54    .constdata          app_dis.o
    0x000275f4   0x00000010   Data   RO           55    .constdata          app_dis.o
    0x00027604   0x00000038   Data   RO           68    .constdata          app_fee0.o
    0x0002763c   0x00000008   Data   RO           69    .constdata          app_fee0.o
    0x00027644   0x0000004c   Data   RO           70    .constdata          app_fee0.o
    0x00027690   0x00000040   Data   RO           85    .constdata          app_oads.o
    0x000276d0   0x00000008   Data   RO           86    .constdata          app_oads.o
    0x000276d8   0x0000008c   Data   RO           87    .constdata          app_oads.o
    0x00027764   0x00000046   Data   RO           98    .constdata          app_sec.o
    0x000277aa   0x00000002   PAD
    0x000277ac   0x00000028   Data   RO           99    .constdata          app_sec.o
    0x000277d4   0x00000008   Data   RO          100    .constdata          app_sec.o
    0x000277dc   0x000000b0   Data   RO          128    .constdata          app_task.o
    0x0002788c   0x0000000c   Data   RO          129    .constdata          app_task.o
    0x00027898   0x00000114   Data   RO          130    .constdata          app_task.o
    0x000279ac   0x00000004   Data   RO          158    .constdata          nvds.o
    0x000279b0   0x00000020   Data   RO          183    .constdata          prf.o
    0x000279d0   0x00000037   Data   RO          229    .constdata          rf_xvr.o
    0x00027a07   0x00000001   PAD
    0x00027a08   0x0000000c   Data   RO          293    .constdata          driver_flash.o
    0x00027a14   0x0000001d   Data   RO          403    .constdata          pwm.o
    0x00027a31   0x00000003   PAD
    0x00027a34   0x000000b4   Data   RO          418    .constdata          diss.o
    0x00027ae8   0x000000ad   Data   RO          440    .constdata          fee0s.o
    0x00027b95   0x00000003   PAD
    0x00027b98   0x00000064   Data   RO          458    .constdata          bass.o
    0x00027bfc   0x00000197   Data   RO          479    .constdata          oads.o
    0x00027d93   0x00000046   Data   RO          489    .constdata          oads_common.o
    0x00027dd9   0x00000001   PAD
    0x00027dda   0x0000000a   Data   RO          524    .constdata          bsp.o
    0x00027de4   0x000000ca   Data   RO          101    .conststring        app_sec.o
    0x00027eae   0x00000002   PAD
    0x00027eb0   0x00000020   Data   RO          547    Region$$Table       anon$$obj.o


    Execution Region RAM_DATA (Base: 0x00401d80, Size: 0x00000180, Max: 0xffffffff, ABSOLUTE)

    Base Addr    Size         Type   Attr      Idx    E Section Name        Object

    0x00401d80   0x00000002   Data   RW           49    .data               app_batt.o
    0x00401d82   0x00000004   Data   RW           71    .data               app_fee0.o
    0x00401d86   0x00000001   Data   RW           88    .data               app_oads.o
    0x00401d87   0x00000005   Data   RW          102    .data               app_sec.o
    0x00401d8c   0x00000001   Data   RW          131    .data               app_task.o
    0x00401d8d   0x00000001   Data   RW          132    .data               app_task.o
    0x00401d8e   0x00000002   PAD
    0x00401d90   0x00000008   Data   RW          144    .data               rwip.o
    0x00401d98   0x00000004   Data   RW          184    .data               prf.o
    0x00401d9c   0x0000009c   Data   RW          230    .data               rf_xvr.o
    0x00401e38   0x00000010   Data   RW          240    .data               uart0_initial.o
    0x00401e48   0x00000010   Data   RW          250    .data               uart1_initial.o
    0x00401e58   0x0000000c   Data   RW          294    .data               driver_flash.o
    0x00401e64   0x00000004   Data   RW          319    .data               driver_gpio.o
    0x00401e68   0x00000008   Data   RW          342    .data               icu.o
    0x00401e70   0x00000004   Data   RW          345    .data               arch_main.o
    0x00401e74   0x00000014   Data   RW          365    .data               adc.o
    0x00401e88   0x00000018   Data   RW          404    .data               pwm.o
    0x00401ea0   0x0000000c   Data   RW          490    .data               oads_common.o
    0x00401eac   0x00000054   Data   RW          525    .data               bsp.o


    Execution Region RAM_BSS (Base: 0x00401f00, Size: 0x00001fd8, Max: 0xffffffff, ABSOLUTE)

    Base Addr    Size         Type   Attr      Idx    E Section Name        Object

    0x00401f00   0x00000036   Zero   RW           33    .bss                app.o
    0x00401f36   0x00000002   PAD
    0x00401f38   0x000013a0   Zero   RW          143    .bss                rwip.o
    0x004032d8   0x00000818   Zero   RW          157    .bss                nvds.o
    0x00403af0   0x0000008c   Zero   RW          182    .bss                prf.o
    0x00403b7c   0x00000024   Zero   RW          239    .bss                uart0_initial.o
    0x00403ba0   0x00000024   Zero   RW          249    .bss                uart1_initial.o
    0x00403bc4   0x00000138   Zero   RW          264    .bss                uart.o
    0x00403cfc   0x00000014   Zero   RW          364    .bss                adc.o
    0x00403d10   0x00000028   Zero   RW          402    .bss                pwm.o
    0x00403d38   0x00000014   Zero   RW          439    .bss                fee0s.o
    0x00403d4c   0x000000c0   Zero   RW          488    .bss                oads_common.o
    0x00403e0c   0x00000080   Zero   RW          498    .bss                bk_printf.o
    0x00403e8c   0x00000004   PAD
    0x00403e90   0x00000048   Zero   RW          523    .bss                bsp.o


    Execution Region RAM_STACK_UNUSED (Base: 0x004070cc, Size: 0x00000060, Max: 0x00000060, ABSOLUTE)

    Base Addr    Size         Type   Attr      Idx    E Section Name        Object

    0x004070cc   0x00000060   Zero   RW            1    RAM_STACK_UNUSED.bss  anon$$obj.o


    Execution Region RAM_STACK_SVC (Base: 0x0040712c, Size: 0x000007f0, Max: 0x000007f0, ABSOLUTE)

    Base Addr    Size         Type   Attr      Idx    E Section Name        Object

    0x0040712c   0x000007f0   Zero   RW            2    RAM_STACK_SVC.bss   anon$$obj.o


    Execution Region RAM_STACK_IRQ (Base: 0x0040791c, Size: 0x000003f0, Max: 0x000003f0, ABSOLUTE)

    Base Addr    Size         Type   Attr      Idx    E Section Name        Object

    0x0040791c   0x000003f0   Zero   RW            3    RAM_STACK_IRQ.bss   anon$$obj.o


    Execution Region RAM_STACK_FIQ (Base: 0x00407d0c, Size: 0x000002f0, Max: 0x000002f0, ABSOLUTE)

    Base Addr    Size         Type   Attr      Idx    E Section Name        Object

    0x00407d0c   0x000002f0   Zero   RW            4    RAM_STACK_FIQ.bss   anon$$obj.o


==============================================================================

Image component sizes


      Code (inc. data)   RO Data    RW Data    ZI Data      Debug   Object Name

       962        238          0         20         20          0   adc.o
       684        152         97          0         54          0   app.o
       258         64         99          2          0          0   app_batt.o
       300        130         32          0          0          0   app_dis.o
       644        304        140          4          0          0   app_fee0.o
       704        314        212          1          0          0   app_oads.o
       960        322        320          5          0          0   app_sec.o
      2448        958        464          2          0          0   app_task.o
        88         38          0          4          0          0   arch_main.o
      1688         40        100          0          0          0   bass.o
       678         26          0          0        128          0   bk_printf.o
       540         76          0          0          0          0   boot_handlers.o
        92         32          0          0          0          0   boot_vectors.o
      4438        784         10         84         72          0   bsp.o
       972         24        180          0          0          0   diss.o
      2180        352         12         12          0          0   driver_flash.o
       284         36          0          4          0          0   driver_gpio.o
      1926         78        173          0         20          0   fee0s.o
      1440        330          0          8          0          0   icu.o
       304         24          0          0          0          0   intc.o
      1326        582         16          0          0          0   main.o
       844        162          4          0       2072          0   nvds.o
      2230        168        407          0          0          0   oads.o
      1602        512         70         12        192          0   oads_common.o
       732        140         32          4        140          0   prf.o
       150          0          0          0          0          0   prf_utils.o
      2768        670         29         24         40          0   pwm.o
      2368        764         55        156          0          0   rf_xvr.o
       112         30          0          0          0          0   rwble.o
      1416        316          0          8       5024          0   rwip.o
       580        150          0          0        312          0   uart.o
       770         88          0         16         36          0   uart0_initial.o
       692        126          0         16         36          0   uart1_initial.o
       120         20          0          0          0          0   wdt.o

    ----------------------------------------------------------------------
     37396       8070       2500        384      12040          0   Object Totals
        48         20         32          0       3888          0   (incl. Generated)
        48          0         16          2          6          0   (incl. Padding)

    ----------------------------------------------------------------------

      Code (inc. data)   RO Data    RW Data    ZI Data      Debug   Library Member Name

         0          0          0          0          0          0   entry.o
         0          0          0          0          0          0   entry10a.o
         0          0          0          0          0          0   entry11a.o
         8          4          0          0          0          0   entry2.o
         4          0          0          0          0          0   entry5.o
         0          0          0          0          0          0   entry7b.o
         0          0          0          0          0          0   entry8b.o
        12          4          0          0          0          0   entry9a.o
        56          0          0          0          0          0   handlers.o
        32         10          0          0          0          0   init.o
        20          0          0          0          0          0   uread4.o
        18          0          0          0          0          0   uwrite4.o

    ----------------------------------------------------------------------
       152         18          0          0          0          0   Library Totals
         2          0          0          0          0          0   (incl. Padding)

    ----------------------------------------------------------------------

      Code (inc. data)   RO Data    RW Data    ZI Data      Debug   Library Name

       150         18          0          0          0          0   mc_5.l

    ----------------------------------------------------------------------
       152         18          0          0          0          0   Library Totals

    ----------------------------------------------------------------------

==============================================================================


      Code (inc. data)   RO Data    RW Data    ZI Data      Debug   

     37548       8088       2500        384      12040          0   Grand Totals
     37548       8088       2500        384      12040          0   ELF Image Totals
     37548       8088       2500        384          0          0   ROM Totals

==============================================================================

    Total RO  Size (Code + RO Data)                40048 (  39.11kB)
    Total RW  Size (RW Data + ZI Data)             12424 (  12.13kB)
    Total ROM Size (Code + RO Data + RW Data)      40432 (  39.48kB)

==============================================================================

